
[notice] A new release of pip is available: 24.2 -> 26.1.2
[notice] To update, run: python3 -m pip install --upgrade pip
ERROR: Exception:
Traceback (most recent call last):
  File "/usr/local/lib/python3.10/dist-packages/pip/_vendor/urllib3/response.py", line 438, in _error_catcher
    yield
  File "/usr/local/lib/python3.10/dist-packages/pip/_vendor/urllib3/response.py", line 561, in read
    data = self._fp_read(amt) if not fp_closed else b""
  File "/usr/local/lib/python3.10/dist-packages/pip/_vendor/urllib3/response.py", line 527, in _fp_read
    return self._fp.read(amt) if amt is not None else self._fp.read()
  File "/usr/local/lib/python3.10/dist-packages/pip/_vendor/cachecontrol/filewrapper.py", line 102, in read
    self.__buf.write(data)
  File "/usr/lib/python3.10/tempfile.py", line 638, in func_wrapper
    return func(*args, **kwargs)
OSError: [Errno 28] No space left on device

During handling of the above exception, another exception occurred:

Traceback (most recent call last):
  File "/usr/local/lib/python3.10/dist-packages/pip/_internal/cli/base_command.py", line 105, in _run_wrapper
    status = _inner_run()
  File "/usr/local/lib/python3.10/dist-packages/pip/_internal/cli/base_command.py", line 96, in _inner_run
    return self.run(options, args)
  File "/usr/local/lib/python3.10/dist-packages/pip/_internal/cli/req_command.py", line 67, in wrapper
    return func(self, options, args)
  File "/usr/local/lib/python3.10/dist-packages/pip/_internal/commands/install.py", line 379, in run
    requirement_set = resolver.resolve(
  File "/usr/local/lib/python3.10/dist-packages/pip/_internal/resolution/resolvelib/resolver.py", line 95, in resolve
    result = self._result = resolver.resolve(
  File "/usr/local/lib/python3.10/dist-packages/pip/_vendor/resolvelib/resolvers.py", line 546, in resolve
    state = resolution.resolve(requirements, max_rounds=max_rounds)
  File "/usr/local/lib/python3.10/dist-packages/pip/_vendor/resolvelib/resolvers.py", line 397, in resolve
    self._add_to_criteria(self.state.criteria, r, parent=None)
  File "/usr/local/lib/python3.10/dist-packages/pip/_vendor/resolvelib/resolvers.py", line 173, in _add_to_criteria
    if not criterion.candidates:
  File "/usr/local/lib/python3.10/dist-packages/pip/_vendor/resolvelib/structs.py", line 156, in __bool__
    return bool(self._sequence)
  File "/usr/local/lib/python3.10/dist-packages/pip/_internal/resolution/resolvelib/found_candidates.py", line 174, in __bool__
    return any(self)
  File "/usr/local/lib/python3.10/dist-packages/pip/_internal/resolution/resolvelib/found_candidates.py", line 162, in <genexpr>
    return (c for c in iterator if id(c) not in self._incompatible_ids)
  File "/usr/local/lib/python3.10/dist-packages/pip/_internal/resolution/resolvelib/found_candidates.py", line 53, in _iter_built
    candidate = func()
  File "/usr/local/lib/python3.10/dist-packages/pip/_internal/resolution/resolvelib/factory.py", line 186, in _make_candidate_from_link
    base: Optional[BaseCandidate] = self._make_base_candidate_from_link(
  File "/usr/local/lib/python3.10/dist-packages/pip/_internal/resolution/resolvelib/factory.py", line 232, in _make_base_candidate_from_link
    self._link_candidate_cache[link] = LinkCandidate(
  File "/usr/local/lib/python3.10/dist-packages/pip/_internal/resolution/resolvelib/candidates.py", line 303, in __init__
    super().__init__(
  File "/usr/local/lib/python3.10/dist-packages/pip/_internal/resolution/resolvelib/candidates.py", line 158, in __init__
    self.dist = self._prepare()
  File "/usr/local/lib/python3.10/dist-packages/pip/_internal/resolution/resolvelib/candidates.py", line 235, in _prepare
    dist = self._prepare_distribution()
  File "/usr/local/lib/python3.10/dist-packages/pip/_internal/resolution/resolvelib/candidates.py", line 314, in _prepare_distribution
    return preparer.prepare_linked_requirement(self._ireq, parallel_builds=True)
  File "/usr/local/lib/python3.10/dist-packages/pip/_internal/operations/prepare.py", line 527, in prepare_linked_requirement
    return self._prepare_linked_requirement(req, parallel_builds)
  File "/usr/local/lib/python3.10/dist-packages/pip/_internal/operations/prepare.py", line 598, in _prepare_linked_requirement
    local_file = unpack_url(
  File "/usr/local/lib/python3.10/dist-packages/pip/_internal/operations/prepare.py", line 170, in unpack_url
    file = get_http_url(
  File "/usr/local/lib/python3.10/dist-packages/pip/_internal/operations/prepare.py", line 111, in get_http_url
    from_path, content_type = download(link, temp_dir.path)
  File "/usr/local/lib/python3.10/dist-packages/pip/_internal/network/download.py", line 148, in __call__
    for chunk in chunks:
  File "/usr/local/lib/python3.10/dist-packages/pip/_internal/cli/progress_bars.py", line 55, in _rich_progress_bar
    for chunk in iterable:
  File "/usr/local/lib/python3.10/dist-packages/pip/_internal/network/utils.py", line 65, in response_chunks
    for chunk in response.raw.stream(
  File "/usr/local/lib/python3.10/dist-packages/pip/_vendor/urllib3/response.py", line 622, in stream
    data = self.read(amt=amt, decode_content=decode_content)
  File "/usr/local/lib/python3.10/dist-packages/pip/_vendor/urllib3/response.py", line 560, in read
    with self._error_catcher():
  File "/usr/lib/python3.10/contextlib.py", line 153, in __exit__
    self.gen.throw(typ, value, traceback)
  File "/usr/local/lib/python3.10/dist-packages/pip/_vendor/urllib3/response.py", line 455, in _error_catcher
    raise ProtocolError("Connection broken: %r" % e, e)
pip._vendor.urllib3.exceptions.ProtocolError: ("Connection broken: OSError(28, 'No space left on device')", OSError(28, 'No space left on device'))
