Checkpoint /home/c52li/weatherloo-internal/models/unet/checkpoints/best_model.pt (epoch 17, val_loss 0.5120)
Region 41.0..46.0N, -84.0..-74.0E
Trained cycles [0, 12]Z, leads [6, 12, 18, 24]h
Sample cache /mnt/wato-drive/c52li/weatherloo-data/unet/unet_training: 2920 cached 2025 sample(s)
Processing 730 initializations -> /home/c52li/weatherloo-internal/benchmarking-site/data/unet
  [1/730] 2025-01-02T12Z.json  (1413/h, ETA 30m57s)
  [2/730] 2025-01-02T00Z.json  (2821/h, ETA 15m28s)
  [3/730] 2025-01-01T00Z.json  (4226/h, ETA 10m19s)
  [4/730] 2025-01-01T12Z.json  (5589/h, ETA 7m47s)
  [5/730] 2025-01-03T12Z.json  (6983/h, ETA 6m13s)
  [6/730] 2025-01-03T00Z.json  (8347/h, ETA 5m12s)
  [7/730] 2025-01-04T00Z.json  (9709/h, ETA 4m28s)
  [8/730] 2025-01-04T12Z.json  (11071/h, ETA 3m54s)
  [9/730] 2025-01-06T00Z.json  (12346/h, ETA 3m30s)
  [10/730] 2025-01-05T00Z.json  (13699/h, ETA 3m09s)
  [11/730] 2025-01-06T12Z.json  (15018/h, ETA 2m52s)
  [12/730] 2025-01-05T12Z.json  (16375/h, ETA 2m37s)
  [13/730] 2025-01-08T00Z.json  (17567/h, ETA 2m26s)
  [14/730] 2025-01-07T00Z.json  (18916/h, ETA 2m16s)
  [15/730] 2025-01-07T12Z.json  (20255/h, ETA 2m07s)
  [16/730] 2025-01-08T12Z.json  (21588/h, ETA 1m59s)
  [17/730] 2025-01-09T00Z.json  (22785/h, ETA 1m52s)
  [18/730] 2025-01-09T12Z.json  (23951/h, ETA 1m47s)
  [19/730] 2025-01-10T12Z.json  (25231/h, ETA 1m41s)
  [20/730] 2025-01-11T12Z.json  (26555/h, ETA 1m36s)
  [21/730] 2025-01-11T00Z.json  (27840/h, ETA 1m31s)
  [22/730] 2025-01-12T00Z.json  (29077/h, ETA 1m27s)
  [23/730] 2025-01-10T00Z.json  (30395/h, ETA 1m23s)
  [26/730] 2025-01-12T12Z.json  (34208/h, ETA 1m14s)
  [27/730] 2025-01-13T00Z.json  (35260/h, ETA 1m11s)
  [28/730] 2025-01-16T00Z.json  (36561/h, ETA 1m09s)
  [29/730] 2025-01-14T12Z.json  (37717/h, ETA 1m06s)
  [30/730] 2025-01-13T12Z.json  (38883/h, ETA 1m04s)
  [31/730] 2025-01-14T00Z.json  (40030/h, ETA 1m02s)
  [32/730] 2025-01-16T12Z.json  (41209/h, ETA 1m00s)
  [33/730] 2025-01-18T00Z.json  (42459/h, ETA 0m59s)
  [34/730] 2025-01-17T00Z.json  (43691/h, ETA 0m57s)
  [35/730] 2025-01-17T12Z.json  (44779/h, ETA 0m55s)
  [36/730] 2025-01-18T12Z.json  (45987/h, ETA 0m54s)
  [37/730] 2025-01-20T00Z.json  (47136/h, ETA 0m52s)
  [38/730] 2025-01-19T00Z.json  (48279/h, ETA 0m51s)
  [39/730] 2025-01-19T12Z.json  (49476/h, ETA 0m50s)
  [40/730] 2025-01-21T00Z.json  (50725/h, ETA 0m48s)
  [41/730] 2025-01-21T12Z.json  (51685/h, ETA 0m47s)
  [42/730] 2025-01-23T12Z.json  (52817/h, ETA 0m46s)
  [43/730] 2025-01-22T12Z.json  (54051/h, ETA 0m45s)
  [44/730] 2025-01-20T12Z.json  (55272/h, ETA 0m44s)
  [45/730] 2025-01-22T00Z.json  (56322/h, ETA 0m43s)
  [46/730] 2025-01-23T00Z.json  (57567/h, ETA 0m42s)
  [47/730] 2025-01-25T00Z.json  (58591/h, ETA 0m41s)
  [48/730] 2025-01-24T00Z.json  (59707/h, ETA 0m41s)
  [49/730] 2025-01-25T12Z.json  (60811/h, ETA 0m40s)
  [50/730] 2025-01-24T12Z.json  (62024/h, ETA 0m39s)
  [51/730] 2025-01-27T00Z.json  (62819/h, ETA 0m38s)
  [52/730] 2025-01-27T12Z.json  (64028/h, ETA 0m38s)
  [53/730] 2025-01-28T12Z.json  (65239/h, ETA 0m37s)
  [54/730] 2025-01-26T00Z.json  (66244/h, ETA 0m36s)
  [55/730] 2025-01-26T12Z.json  (67451/h, ETA 0m36s)
  [56/730] 2025-01-28T00Z.json  (68647/h, ETA 0m35s)
  [57/730] 2025-01-29T00Z.json  (69617/h, ETA 0m34s)
  [58/730] 2025-01-29T12Z.json  (70719/h, ETA 0m34s)
  [59/730] 2025-01-30T00Z.json  (71906/h, ETA 0m33s)
  [60/730] 2025-01-30T12Z.json  (72736/h, ETA 0m33s)
  [61/730] 2025-01-31T00Z.json  (73700/h, ETA 0m32s)
  [62/730] 2025-02-01T00Z.json  (74744/h, ETA 0m32s)
  [63/730] 2025-01-31T12Z.json  (75811/h, ETA 0m31s)
  [64/730] 2025-02-02T00Z.json  (76940/h, ETA 0m31s)
  [65/730] 2025-02-01T12Z.json  (77842/h, ETA 0m30s)
  [66/730] 2025-02-02T12Z.json  (78841/h, ETA 0m30s)
  [67/730] 2025-02-04T12Z.json  (79926/h, ETA 0m29s)
  [68/730] 2025-02-03T00Z.json  (81112/h, ETA 0m29s)
  [69/730] 2025-02-04T00Z.json  (81950/h, ETA 0m29s)
  [70/730] 2025-02-03T12Z.json  (83034/h, ETA 0m28s)
  [71/730] 2025-02-06T00Z.json  (83977/h, ETA 0m28s)
  [72/730] 2025-02-07T12Z.json  (84673/h, ETA 0m27s)
  [73/730] 2025-02-06T12Z.json  (85841/h, ETA 0m27s)
  [74/730] 2025-02-07T00Z.json  (86609/h, ETA 0m27s)
  [75/730] 2025-02-05T00Z.json  (87573/h, ETA 0m26s)
  [76/730] 2025-02-05T12Z.json  (88660/h, ETA 0m26s)
  [77/730] 2025-02-09T00Z.json  (89817/h, ETA 0m26s)
  [78/730] 2025-02-08T00Z.json  (90956/h, ETA 0m25s)
  [79/730] 2025-02-10T00Z.json  (91569/h, ETA 0m25s)
  [80/730] 2025-02-08T12Z.json  (92701/h, ETA 0m25s)
  [81/730] 2025-02-09T12Z.json  (93530/h, ETA 0m24s)
  [82/730] 2025-02-11T12Z.json  (94655/h, ETA 0m24s)
  [83/730] 2025-02-10T12Z.json  (95711/h, ETA 0m24s)
  [84/730] 2025-02-11T00Z.json  (96650/h, ETA 0m24s)
  [85/730] 2025-02-13T00Z.json  (97418/h, ETA 0m23s)
  [86/730] 2025-02-12T00Z.json  (98431/h, ETA 0m23s)
  [87/730] 2025-02-12T12Z.json  (99467/h, ETA 0m23s)
  [88/730] 2025-02-14T00Z.json  (99957/h, ETA 0m23s)
  [89/730] 2025-02-15T00Z.json  (101041/h, ETA 0m22s)
  [90/730] 2025-02-13T12Z.json  (102156/h, ETA 0m22s)
  [91/730] 2025-02-14T12Z.json  (103269/h, ETA 0m22s)
  [92/730] 2025-02-16T00Z.json  (103766/h, ETA 0m22s)
  [93/730] 2025-02-18T00Z.json  (104626/h, ETA 0m21s)
  [94/730] 2025-02-15T12Z.json  (105616/h, ETA 0m21s)
  [95/730] 2025-02-16T12Z.json  (106529/h, ETA 0m21s)
  [96/730] 2025-02-17T12Z.json  (107634/h, ETA 0m21s)
  [97/730] 2025-02-17T00Z.json  (108658/h, ETA 0m20s)
  [98/730] 2025-02-18T12Z.json  (109677/h, ETA 0m20s)
  [99/730] 2025-02-19T00Z.json  (110386/h, ETA 0m20s)
  [100/730] 2025-02-20T00Z.json  (110838/h, ETA 0m20s)
  [101/730] 2025-02-19T12Z.json  (111935/h, ETA 0m20s)
  [102/730] 2025-02-20T12Z.json  (112782/h, ETA 0m20s)
  [103/730] 2025-02-21T00Z.json  (113743/h, ETA 0m19s)
  [104/730] 2025-02-21T12Z.json  (114592/h, ETA 0m19s)
  [105/730] 2025-02-22T00Z.json  (115179/h, ETA 0m19s)
  [106/730] 2025-02-23T12Z.json  (116073/h, ETA 0m19s)
  [107/730] 2025-02-23T00Z.json  (116891/h, ETA 0m19s)
  [108/730] 2025-02-25T12Z.json  (117422/h, ETA 0m19s)
  [109/730] 2025-02-24T00Z.json  (118441/h, ETA 0m18s)
  [110/730] 2025-02-26T00Z.json  (118544/h, ETA 0m18s)
  [111/730] 2025-02-22T12Z.json  (119606/h, ETA 0m18s)
  [112/730] 2025-02-25T00Z.json  (120674/h, ETA 0m18s)
  [113/730] 2025-02-24T12Z.json  (121651/h, ETA 0m18s)
  [114/730] 2025-02-26T12Z.json  (122498/h, ETA 0m18s)
  [115/730] 2025-02-27T00Z.json  (122816/h, ETA 0m18s)
  [116/730] 2025-02-27T12Z.json  (123305/h, ETA 0m17s)
  [117/730] 2025-02-28T12Z.json  (124078/h, ETA 0m17s)
  [118/730] 2025-02-28T00Z.json  (125086/h, ETA 0m17s)
  [119/730] 2025-03-01T12Z.json  (125773/h, ETA 0m17s)
  [120/730] 2025-03-02T00Z.json  (126779/h, ETA 0m17s)
  [121/730] 2025-03-01T00Z.json  (127818/h, ETA 0m17s)
  [122/730] 2025-03-02T12Z.json  (128835/h, ETA 0m16s)
  [123/730] 2025-03-04T00Z.json  (128742/h, ETA 0m16s)
  [124/730] 2025-03-05T12Z.json  (129668/h, ETA 0m16s)
  [125/730] 2025-03-03T12Z.json  (130511/h, ETA 0m16s)
  [126/730] 2025-03-04T12Z.json  (131448/h, ETA 0m16s)
  [127/730] 2025-03-03T00Z.json  (132297/h, ETA 0m16s)
  [128/730] 2025-03-05T00Z.json  (133210/h, ETA 0m16s)
  [129/730] 2025-03-06T12Z.json  (133046/h, ETA 0m16s)
  [130/730] 2025-03-07T00Z.json  (133873/h, ETA 0m16s)
  [131/730] 2025-03-08T00Z.json  (134710/h, ETA 0m16s)
  [132/730] 2025-03-06T00Z.json  (135725/h, ETA 0m15s)
  [133/730] 2025-03-07T12Z.json  (136277/h, ETA 0m15s)
  [134/730] 2025-03-08T12Z.json  (137001/h, ETA 0m15s)
  [135/730] 2025-03-10T12Z.json  (137542/h, ETA 0m15s)
  [136/730] 2025-03-09T12Z.json  (138321/h, ETA 0m15s)
  [137/730] 2025-03-10T00Z.json  (139318/h, ETA 0m15s)
  [138/730] 2025-03-09T00Z.json  (140100/h, ETA 0m15s)
  [139/730] 2025-03-11T00Z.json  (140868/h, ETA 0m15s)
  [140/730] 2025-03-12T00Z.json  (141401/h, ETA 0m15s)
  [141/730] 2025-03-11T12Z.json  (141797/h, ETA 0m14s)
  [142/730] 2025-03-13T12Z.json  (142764/h, ETA 0m14s)
  [143/730] 2025-03-12T12Z.json  (143697/h, ETA 0m14s)
  [144/730] 2025-03-13T00Z.json  (144251/h, ETA 0m14s)
  [145/730] 2025-03-14T00Z.json  (144858/h, ETA 0m14s)
  [146/730] 2025-03-15T12Z.json  (145601/h, ETA 0m14s)
  [147/730] 2025-03-14T12Z.json  (146442/h, ETA 0m14s)
  [148/730] 2025-03-16T12Z.json  (147360/h, ETA 0m14s)
  [149/730] 2025-03-17T00Z.json  (147906/h, ETA 0m14s)
  [150/730] 2025-03-15T00Z.json  (148777/h, ETA 0m14s)
  [151/730] 2025-03-16T00Z.json  (149384/h, ETA 0m13s)
  [152/730] 2025-03-18T12Z.json  (150355/h, ETA 0m13s)
  [153/730] 2025-03-17T12Z.json  (151286/h, ETA 0m13s)
  [154/730] 2025-03-18T00Z.json  (152261/h, ETA 0m13s)
  [155/730] 2025-03-19T12Z.json  (152410/h, ETA 0m13s)
  [156/730] 2025-03-19T00Z.json  (153347/h, ETA 0m13s)
  [157/730] 2025-03-20T00Z.json  (153872/h, ETA 0m13s)
  [158/730] 2025-03-20T12Z.json  (154353/h, ETA 0m13s)
  [159/730] 2025-03-21T12Z.json  (155286/h, ETA 0m13s)
  [160/730] 2025-03-21T00Z.json  (155803/h, ETA 0m13s)
  [161/730] 2025-03-22T00Z.json  (156457/h, ETA 0m13s)
  [162/730] 2025-03-22T12Z.json  (157371/h, ETA 0m12s)
  [163/730] 2025-03-24T00Z.json  (157837/h, ETA 0m12s)
  [164/730] 2025-03-23T00Z.json  (158645/h, ETA 0m12s)
  [165/730] 2025-03-23T12Z.json  (159511/h, ETA 0m12s)
  [166/730] 2025-03-25T00Z.json  (159912/h, ETA 0m12s)
  [167/730] 2025-03-25T12Z.json  (160616/h, ETA 0m12s)
  [168/730] 2025-03-26T00Z.json  (161075/h, ETA 0m12s)
  [169/730] 2025-03-24T12Z.json  (161886/h, ETA 0m12s)
  [170/730] 2025-03-27T00Z.json  (162427/h, ETA 0m12s)
  [171/730] 2025-03-26T12Z.json  (163157/h, ETA 0m12s)
  [172/730] 2025-03-27T12Z.json  (163416/h, ETA 0m12s)
  [173/730] 2025-03-28T00Z.json  (163808/h, ETA 0m12s)
  [174/730] 2025-03-28T12Z.json  (164694/h, ETA 0m12s)
  [175/730] 2025-03-29T12Z.json  (165113/h, ETA 0m12s)
  [176/730] 2025-03-30T12Z.json  (165852/h, ETA 0m12s)
  [177/730] 2025-03-30T00Z.json  (166296/h, ETA 0m11s)
  [178/730] 2025-03-29T00Z.json  (167191/h, ETA 0m11s)
  [179/730] 2025-03-31T12Z.json  (166821/h, ETA 0m11s)
  [180/730] 2025-03-31T00Z.json  (167521/h, ETA 0m11s)
  [181/730] 2025-04-02T12Z.json  (168437/h, ETA 0m11s)
  [182/730] 2025-04-01T12Z.json  (169314/h, ETA 0m11s)
  [183/730] 2025-04-01T00Z.json  (169857/h, ETA 0m11s)
  [184/730] 2025-04-02T00Z.json  (170577/h, ETA 0m11s)
  [185/730] 2025-04-03T00Z.json  (171150/h, ETA 0m11s)
  [186/730] 2025-04-04T00Z.json  (171486/h, ETA 0m11s)
  [187/730] 2025-04-04T12Z.json  (172035/h, ETA 0m11s)
  [188/730] 2025-04-05T00Z.json  (172896/h, ETA 0m11s)
  [189/730] 2025-04-03T12Z.json  (173621/h, ETA 0m11s)
  [190/730] 2025-04-06T00Z.json  (173140/h, ETA 0m11s)
  [191/730] 2025-04-05T12Z.json  (173970/h, ETA 0m11s)
  [192/730] 2025-04-07T12Z.json  (174557/h, ETA 0m11s)
  [193/730] 2025-04-07T00Z.json  (175079/h, ETA 0m11s)
  [194/730] 2025-04-06T12Z.json  (175931/h, ETA 0m10s)
  [195/730] 2025-04-08T00Z.json  (175762/h, ETA 0m10s)
  [196/730] 2025-04-08T12Z.json  (176221/h, ETA 0m10s)
  [197/730] 2025-04-10T00Z.json  (176972/h, ETA 0m10s)
  [198/730] 2025-04-09T12Z.json  (177728/h, ETA 0m10s)
  [199/730] 2025-04-09T00Z.json  (178178/h, ETA 0m10s)
  [200/730] 2025-04-10T12Z.json  (179026/h, ETA 0m10s)
  [201/730] 2025-04-11T12Z.json  (178761/h, ETA 0m10s)
  [202/730] 2025-04-11T00Z.json  (179353/h, ETA 0m10s)
  [203/730] 2025-04-13T12Z.json  (180102/h, ETA 0m10s)
  [204/730] 2025-04-12T00Z.json  (180895/h, ETA 0m10s)
  [205/730] 2025-04-12T12Z.json  (180940/h, ETA 0m10s)
  [206/730] 2025-04-13T00Z.json  (181753/h, ETA 0m10s)
  [207/730] 2025-04-15T00Z.json  (182389/h, ETA 0m10s)
  [208/730] 2025-04-14T12Z.json  (183172/h, ETA 0m10s)
  [209/730] 2025-04-15T12Z.json  (183832/h, ETA 0m10s)
  [210/730] 2025-04-14T00Z.json  (184660/h, ETA 0m10s)
  [211/730] 2025-04-16T12Z.json  (184926/h, ETA 0m10s)
  [212/730] 2025-04-18T00Z.json  (185465/h, ETA 0m10s)
  [213/730] 2025-04-17T12Z.json  (186040/h, ETA 0m10s)
  [214/730] 2025-04-16T00Z.json  (186836/h, ETA 0m09s)
  [215/730] 2025-04-19T00Z.json  (187404/h, ETA 0m09s)
  [216/730] 2025-04-17T00Z.json  (187921/h, ETA 0m09s)
  [217/730] 2025-04-18T12Z.json  (188779/h, ETA 0m09s)
  [218/730] 2025-04-19T12Z.json  (189346/h, ETA 0m09s)
  [219/730] 2025-04-20T00Z.json  (190157/h, ETA 0m09s)
  [220/730] 2025-04-20T12Z.json  (190664/h, ETA 0m09s)
  [221/730] 2025-04-21T00Z.json  (190960/h, ETA 0m09s)
  [222/730] 2025-04-23T00Z.json  (191750/h, ETA 0m09s)
  [223/730] 2025-04-22T00Z.json  (192438/h, ETA 0m09s)
  [224/730] 2025-04-22T12Z.json  (193012/h, ETA 0m09s)
  [225/730] 2025-04-23T12Z.json  (193503/h, ETA 0m09s)
  [226/730] 2025-04-21T12Z.json  (194310/h, ETA 0m09s)
  [227/730] 2025-04-24T00Z.json  (194688/h, ETA 0m09s)
  [228/730] 2025-04-25T12Z.json  (195458/h, ETA 0m09s)
  [229/730] 2025-04-24T12Z.json  (196086/h, ETA 0m09s)
  [230/730] 2025-04-25T00Z.json  (196891/h, ETA 0m09s)
  [231/730] 2025-04-26T12Z.json  (196729/h, ETA 0m09s)
  [232/730] 2025-04-26T00Z.json  (197168/h, ETA 0m09s)
  [233/730] 2025-04-27T00Z.json  (197918/h, ETA 0m09s)
  [234/730] 2025-04-27T12Z.json  (198573/h, ETA 0m08s)
  [235/730] 2025-04-28T00Z.json  (199373/h, ETA 0m08s)
  [236/730] 2025-04-28T12Z.json  (199055/h, ETA 0m08s)
  [237/730] 2025-04-29T00Z.json  (199374/h, ETA 0m08s)
  [238/730] 2025-04-29T12Z.json  (199270/h, ETA 0m08s)
  [239/730] 2025-05-02T00Z.json  (200036/h, ETA 0m08s)
  [240/730] 2025-05-01T00Z.json  (200622/h, ETA 0m08s)
  [241/730] 2025-05-01T12Z.json  (201365/h, ETA 0m08s)
  [242/730] 2025-04-30T00Z.json  (201630/h, ETA 0m08s)
  [243/730] 2025-05-03T00Z.json  (202360/h, ETA 0m08s)
  [244/730] 2025-05-02T12Z.json  (202822/h, ETA 0m08s)
  [245/730] 2025-05-04T00Z.json  (203589/h, ETA 0m08s)
  [246/730] 2025-04-30T12Z.json  (204050/h, ETA 0m08s)
  [247/730] 2025-05-05T12Z.json  (204254/h, ETA 0m08s)
  [248/730] 2025-05-05T00Z.json  (204963/h, ETA 0m08s)
  [249/730] 2025-05-03T12Z.json  (205723/h, ETA 0m08s)
  [250/730] 2025-05-06T00Z.json  (205936/h, ETA 0m08s)
  [251/730] 2025-05-04T12Z.json  (206439/h, ETA 0m08s)
  [252/730] 2025-05-07T00Z.json  (206574/h, ETA 0m08s)
  [253/730] 2025-05-08T00Z.json  (207273/h, ETA 0m08s)
  [254/730] 2025-05-08T12Z.json  (207990/h, ETA 0m08s)
  [255/730] 2025-05-06T12Z.json  (208604/h, ETA 0m08s)
  [256/730] 2025-05-07T12Z.json  (208197/h, ETA 0m08s)
  [257/730] 2025-05-10T00Z.json  (208908/h, ETA 0m08s)
  [258/730] 2025-05-09T00Z.json  (209486/h, ETA 0m08s)
  [259/730] 2025-05-09T12Z.json  (210011/h, ETA 0m08s)
  [260/730] 2025-05-10T12Z.json  (210757/h, ETA 0m08s)
  [261/730] 2025-05-11T00Z.json  (211440/h, ETA 0m07s)
  [262/730] 2025-05-12T12Z.json  (211691/h, ETA 0m07s)
  [263/730] 2025-05-12T00Z.json  (212211/h, ETA 0m07s)
  [264/730] 2025-05-13T00Z.json  (212585/h, ETA 0m07s)
  [265/730] 2025-05-13T12Z.json  (212857/h, ETA 0m07s)
  [266/730] 2025-05-14T00Z.json  (213046/h, ETA 0m07s)
  [267/730] 2025-05-15T00Z.json  (213481/h, ETA 0m07s)
  [268/730] 2025-05-14T12Z.json  (214217/h, ETA 0m07s)
  [269/730] 2025-05-16T00Z.json  (214863/h, ETA 0m07s)
  [270/730] 2025-05-11T12Z.json  (214702/h, ETA 0m07s)
  [271/730] 2025-05-15T12Z.json  (215273/h, ETA 0m07s)
  [272/730] 2025-05-17T00Z.json  (215957/h, ETA 0m07s)
  [273/730] 2025-05-17T12Z.json  (216519/h, ETA 0m07s)
  [274/730] 2025-05-16T12Z.json  (217256/h, ETA 0m07s)
  [275/730] 2025-05-18T00Z.json  (217684/h, ETA 0m07s)
  [276/730] 2025-05-19T12Z.json  (217955/h, ETA 0m07s)
  [277/730] 2025-05-18T12Z.json  (218564/h, ETA 0m07s)
  [278/730] 2025-05-20T12Z.json  (219287/h, ETA 0m07s)
  [279/730] 2025-05-19T00Z.json  (219697/h, ETA 0m07s)
  [280/730] 2025-05-20T00Z.json  (219900/h, ETA 0m07s)
  [281/730] 2025-05-21T00Z.json  (220640/h, ETA 0m07s)
  [282/730] 2025-05-22T00Z.json  (220565/h, ETA 0m07s)
  [283/730] 2025-05-22T12Z.json  (221182/h, ETA 0m07s)
  [284/730] 2025-05-21T12Z.json  (221850/h, ETA 0m07s)
  [285/730] 2025-05-23T00Z.json  (222034/h, ETA 0m07s)
  [286/730] 2025-05-23T12Z.json  (222552/h, ETA 0m07s)
  [287/730] 2025-05-24T00Z.json  (222885/h, ETA 0m07s)
  [288/730] 2025-05-24T12Z.json  (223398/h, ETA 0m07s)
  [289/730] 2025-05-25T12Z.json  (223644/h, ETA 0m07s)
  [290/730] 2025-05-26T00Z.json  (223908/h, ETA 0m07s)
  [291/730] 2025-05-25T00Z.json  (224572/h, ETA 0m07s)
  [292/730] 2025-05-27T00Z.json  (224967/h, ETA 0m07s)
  [293/730] 2025-05-26T12Z.json  (225570/h, ETA 0m06s)
  [294/730] 2025-05-27T12Z.json  (225410/h, ETA 0m06s)
  [295/730] 2025-05-28T12Z.json  (225707/h, ETA 0m06s)
  [296/730] 2025-05-29T00Z.json  (226407/h, ETA 0m06s)
  [297/730] 2025-05-29T12Z.json  (226713/h, ETA 0m06s)
  [298/730] 2025-05-30T00Z.json  (227319/h, ETA 0m06s)
  [299/730] 2025-05-28T00Z.json  (228065/h, ETA 0m06s)
  [300/730] 2025-05-30T12Z.json  (227635/h, ETA 0m06s)
  [301/730] 2025-06-01T00Z.json  (227620/h, ETA 0m06s)
  [302/730] 2025-05-31T12Z.json  (228171/h, ETA 0m06s)
  [303/730] 2025-05-31T00Z.json  (228759/h, ETA 0m06s)
  [304/730] 2025-06-01T12Z.json  (229332/h, ETA 0m06s)
  [305/730] 2025-06-02T00Z.json  (229490/h, ETA 0m06s)
  [306/730] 2025-06-02T12Z.json  (229336/h, ETA 0m06s)
  [307/730] 2025-06-03T12Z.json  (230021/h, ETA 0m06s)
  [308/730] 2025-06-04T12Z.json  (230555/h, ETA 0m06s)
  [309/730] 2025-06-04T00Z.json  (230937/h, ETA 0m06s)
  [310/730] 2025-06-03T00Z.json  (231490/h, ETA 0m06s)
  [311/730] 2025-06-05T00Z.json  (231609/h, ETA 0m06s)
  [312/730] 2025-06-05T12Z.json  (231772/h, ETA 0m06s)
  [313/730] 2025-06-06T00Z.json  (232316/h, ETA 0m06s)
  [314/730] 2025-06-07T12Z.json  (232462/h, ETA 0m06s)
  [315/730] 2025-06-08T00Z.json  (232992/h, ETA 0m06s)
  [316/730] 2025-06-07T00Z.json  (233660/h, ETA 0m06s)
  [317/730] 2025-06-06T12Z.json  (234342/h, ETA 0m06s)
  [318/730] 2025-06-08T12Z.json  (234611/h, ETA 0m06s)
  [319/730] 2025-06-09T12Z.json  (234957/h, ETA 0m06s)
  [320/730] 2025-06-10T00Z.json  (234950/h, ETA 0m06s)
  [321/730] 2025-06-09T00Z.json  (235528/h, ETA 0m06s)
  [322/730] 2025-06-11T12Z.json  (235622/h, ETA 0m06s)
  [323/730] 2025-06-12T00Z.json  (235884/h, ETA 0m06s)
  [324/730] 2025-06-10T12Z.json  (235990/h, ETA 0m06s)
  [325/730] 2025-06-11T00Z.json  (236574/h, ETA 0m06s)
  [326/730] 2025-06-12T12Z.json  (237282/h, ETA 0m06s)
  [327/730] 2025-06-13T00Z.json  (237558/h, ETA 0m06s)
  [328/730] 2025-06-13T12Z.json  (238133/h, ETA 0m06s)
  [329/730] 2025-06-14T00Z.json  (238787/h, ETA 0m06s)
  [330/730] 2025-06-16T00Z.json  (238035/h, ETA 0m06s)
  [331/730] 2025-06-15T00Z.json  (238700/h, ETA 0m06s)
  [332/730] 2025-06-15T12Z.json  (239312/h, ETA 0m05s)
  [333/730] 2025-06-14T12Z.json  (240016/h, ETA 0m05s)
  [334/730] 2025-06-16T12Z.json  (239587/h, ETA 0m05s)
  [335/730] 2025-06-17T00Z.json  (240098/h, ETA 0m05s)
  [336/730] 2025-06-18T12Z.json  (240570/h, ETA 0m05s)
  [337/730] 2025-06-17T12Z.json  (241037/h, ETA 0m05s)
  [338/730] 2025-06-19T12Z.json  (241029/h, ETA 0m05s)
  [339/730] 2025-06-19T00Z.json  (241722/h, ETA 0m05s)
  [340/730] 2025-06-18T00Z.json  (242328/h, ETA 0m05s)
  [341/730] 2025-06-21T00Z.json  (242794/h, ETA 0m05s)
  [342/730] 2025-06-20T00Z.json  (243217/h, ETA 0m05s)
  [343/730] 2025-06-20T12Z.json  (243491/h, ETA 0m05s)
  [344/730] 2025-06-21T12Z.json  (244053/h, ETA 0m05s)
  [345/730] 2025-06-22T00Z.json  (244740/h, ETA 0m05s)
  [346/730] 2025-06-23T00Z.json  (244632/h, ETA 0m05s)
  [347/730] 2025-06-22T12Z.json  (245191/h, ETA 0m05s)
  [348/730] 2025-06-24T00Z.json  (245418/h, ETA 0m05s)
  [349/730] 2025-06-25T00Z.json  (245914/h, ETA 0m05s)
  [350/730] 2025-06-23T12Z.json  (246371/h, ETA 0m05s)
  [351/730] 2025-06-24T12Z.json  (246333/h, ETA 0m05s)
  [352/730] 2025-06-26T00Z.json  (246586/h, ETA 0m05s)
  [353/730] 2025-06-26T12Z.json  (247071/h, ETA 0m05s)
  [354/730] 2025-06-27T12Z.json  (247369/h, ETA 0m05s)
  [355/730] 2025-06-25T12Z.json  (248051/h, ETA 0m05s)
  [356/730] 2025-06-27T00Z.json  (248394/h, ETA 0m05s)
  [357/730] 2025-06-28T00Z.json  (248463/h, ETA 0m05s)
  [358/730] 2025-06-28T12Z.json  (248942/h, ETA 0m05s)
  [359/730] 2025-06-29T12Z.json  (249620/h, ETA 0m05s)
  [360/730] 2025-06-30T00Z.json  (249777/h, ETA 0m05s)
  [361/730] 2025-06-29T00Z.json  (250063/h, ETA 0m05s)
  [362/730] 2025-07-01T12Z.json  (250269/h, ETA 0m05s)
  [363/730] 2025-07-02T12Z.json  (250373/h, ETA 0m05s)
  [364/730] 2025-07-01T00Z.json  (250138/h, ETA 0m05s)
  [365/730] 2025-06-30T12Z.json  (250781/h, ETA 0m05s)
  [366/730] 2025-07-03T12Z.json  (251113/h, ETA 0m05s)
  [367/730] 2025-07-02T00Z.json  (251395/h, ETA 0m05s)
  [368/730] 2025-07-03T00Z.json  (252067/h, ETA 0m05s)
  [369/730] 2025-07-04T00Z.json  (252584/h, ETA 0m05s)
  [370/730] 2025-07-05T12Z.json  (252726/h, ETA 0m05s)
  [371/730] 2025-07-04T12Z.json  (253039/h, ETA 0m05s)
  [372/730] 2025-07-05T00Z.json  (253658/h, ETA 0m05s)
  [373/730] 2025-07-07T00Z.json  (253516/h, ETA 0m05s)
  [374/730] 2025-07-06T12Z.json  (253844/h, ETA 0m05s)
  [375/730] 2025-07-06T00Z.json  (254223/h, ETA 0m05s)
  [376/730] 2025-07-08T00Z.json  (254531/h, ETA 0m05s)
  [377/730] 2025-07-09T00Z.json  (254863/h, ETA 0m04s)
  [378/730] 2025-07-08T12Z.json  (255011/h, ETA 0m04s)
  [379/730] 2025-07-07T12Z.json  (255564/h, ETA 0m04s)
  [380/730] 2025-07-10T12Z.json  (256167/h, ETA 0m04s)
  [381/730] 2025-07-09T12Z.json  (256435/h, ETA 0m04s)
  [382/730] 2025-07-11T12Z.json  (256548/h, ETA 0m04s)
  [383/730] 2025-07-10T00Z.json  (256741/h, ETA 0m04s)
  [384/730] 2025-07-12T00Z.json  (256648/h, ETA 0m04s)
  [385/730] 2025-07-13T00Z.json  (256739/h, ETA 0m04s)
  [386/730] 2025-07-13T12Z.json  (257262/h, ETA 0m04s)
  [387/730] 2025-07-12T12Z.json  (257668/h, ETA 0m04s)
  [388/730] 2025-07-14T00Z.json  (258283/h, ETA 0m04s)
  [389/730] 2025-07-11T00Z.json  (258674/h, ETA 0m04s)
  [390/730] 2025-07-15T00Z.json  (258798/h, ETA 0m04s)
  [391/730] 2025-07-15T12Z.json  (259134/h, ETA 0m04s)
  [392/730] 2025-07-14T12Z.json  (259778/h, ETA 0m04s)
  [393/730] 2025-07-16T00Z.json  (259857/h, ETA 0m04s)
  [394/730] 2025-07-17T00Z.json  (259850/h, ETA 0m04s)
  [395/730] 2025-07-16T12Z.json  (260489/h, ETA 0m04s)
  [396/730] 2025-07-18T12Z.json  (260452/h, ETA 0m04s)
  [397/730] 2025-07-17T12Z.json  (260413/h, ETA 0m04s)
  [398/730] 2025-07-18T00Z.json  (261048/h, ETA 0m04s)
  [399/730] 2025-07-19T00Z.json  (261473/h, ETA 0m04s)
  [400/730] 2025-07-19T12Z.json  (261693/h, ETA 0m04s)
  [401/730] 2025-07-21T12Z.json  (261930/h, ETA 0m04s)
  [402/730] 2025-07-21T00Z.json  (262430/h, ETA 0m04s)
  [403/730] 2025-07-20T00Z.json  (262325/h, ETA 0m04s)
  [404/730] 2025-07-20T12Z.json  (262919/h, ETA 0m04s)
  [405/730] 2025-07-22T00Z.json  (263489/h, ETA 0m04s)
  [406/730] 2025-07-23T00Z.json  (263852/h, ETA 0m04s)
  [407/730] 2025-07-22T12Z.json  (263191/h, ETA 0m04s)
  [408/730] 2025-07-25T00Z.json  (263703/h, ETA 0m04s)
  [409/730] 2025-07-23T12Z.json  (264195/h, ETA 0m04s)
  [410/730] 2025-07-25T12Z.json  (264465/h, ETA 0m04s)
  [411/730] 2025-07-24T12Z.json  (265094/h, ETA 0m04s)
  [412/730] 2025-07-24T00Z.json  (265648/h, ETA 0m04s)
  [413/730] 2025-07-27T00Z.json  (265619/h, ETA 0m04s)
  [414/730] 2025-07-26T00Z.json  (266101/h, ETA 0m04s)
  [415/730] 2025-07-27T12Z.json  (265735/h, ETA 0m04s)
  [416/730] 2025-07-26T12Z.json  (266043/h, ETA 0m04s)
  [417/730] 2025-07-28T00Z.json  (266100/h, ETA 0m04s)
  [418/730] 2025-07-29T00Z.json  (266721/h, ETA 0m04s)
  [419/730] 2025-07-29T12Z.json  (266874/h, ETA 0m04s)
  [420/730] 2025-07-28T12Z.json  (267440/h, ETA 0m04s)
  [421/730] 2025-07-30T00Z.json  (267558/h, ETA 0m04s)
  [422/730] 2025-07-31T12Z.json  (267487/h, ETA 0m04s)
  [423/730] 2025-07-30T12Z.json  (267971/h, ETA 0m04s)
  [424/730] 2025-08-01T00Z.json  (268095/h, ETA 0m04s)
  [425/730] 2025-08-01T12Z.json  (268404/h, ETA 0m04s)
  [426/730] 2025-07-31T00Z.json  (268904/h, ETA 0m04s)
  [427/730] 2025-08-02T12Z.json  (269187/h, ETA 0m04s)
  [428/730] 2025-08-03T00Z.json  (269287/h, ETA 0m04s)
  [429/730] 2025-08-02T00Z.json  (269505/h, ETA 0m04s)
  [430/730] 2025-08-04T00Z.json  (270028/h, ETA 0m03s)
  [431/730] 2025-08-04T12Z.json  (270263/h, ETA 0m03s)
  [432/730] 2025-08-03T12Z.json  (270826/h, ETA 0m03s)
  [433/730] 2025-08-05T12Z.json  (271233/h, ETA 0m03s)
  [434/730] 2025-08-06T00Z.json  (271087/h, ETA 0m03s)
  [435/730] 2025-08-05T00Z.json  (271646/h, ETA 0m03s)
  [436/730] 2025-08-06T12Z.json  (271657/h, ETA 0m03s)
  [437/730] 2025-08-07T00Z.json  (271223/h, ETA 0m03s)
  [438/730] 2025-08-07T12Z.json  (271528/h, ETA 0m03s)
  [439/730] 2025-08-08T12Z.json  (272000/h, ETA 0m03s)
  [440/730] 2025-08-09T12Z.json  (271923/h, ETA 0m03s)
  [441/730] 2025-08-08T00Z.json  (272039/h, ETA 0m03s)
  [442/730] 2025-08-10T12Z.json  (272359/h, ETA 0m03s)
  [443/730] 2025-08-10T00Z.json  (272955/h, ETA 0m03s)
  [444/730] 2025-08-11T00Z.json  (273380/h, ETA 0m03s)
  [445/730] 2025-08-09T00Z.json  (273561/h, ETA 0m03s)
  [446/730] 2025-08-11T12Z.json  (274004/h, ETA 0m03s)
  [447/730] 2025-08-12T00Z.json  (274566/h, ETA 0m03s)
  [448/730] 2025-08-12T12Z.json  (274131/h, ETA 0m03s)
  [449/730] 2025-08-14T12Z.json  (274597/h, ETA 0m03s)
  [450/730] 2025-08-15T00Z.json  (275035/h, ETA 0m03s)
  [451/730] 2025-08-13T12Z.json  (275543/h, ETA 0m03s)
  [452/730] 2025-08-14T00Z.json  (276097/h, ETA 0m03s)
  [453/730] 2025-08-13T00Z.json  (276199/h, ETA 0m03s)
  [454/730] 2025-08-15T12Z.json  (276273/h, ETA 0m03s)
  [455/730] 2025-08-16T00Z.json  (276231/h, ETA 0m03s)
  [456/730] 2025-08-17T00Z.json  (276202/h, ETA 0m03s)
  [457/730] 2025-08-16T12Z.json  (276534/h, ETA 0m03s)
  [458/730] 2025-08-17T12Z.json  (276837/h, ETA 0m03s)
  [459/730] 2025-08-18T00Z.json  (277012/h, ETA 0m03s)
  [460/730] 2025-08-19T12Z.json  (277432/h, ETA 0m03s)
  [461/730] 2025-08-18T12Z.json  (277972/h, ETA 0m03s)
  [462/730] 2025-08-19T00Z.json  (278557/h, ETA 0m03s)
  [463/730] 2025-08-20T00Z.json  (278478/h, ETA 0m03s)
  [464/730] 2025-08-20T12Z.json  (278191/h, ETA 0m03s)
  [465/730] 2025-08-22T00Z.json  (277724/h, ETA 0m03s)
  [466/730] 2025-08-21T12Z.json  (278262/h, ETA 0m03s)
  [467/730] 2025-08-21T00Z.json  (278684/h, ETA 0m03s)
  [468/730] 2025-08-22T12Z.json  (279211/h, ETA 0m03s)
  [469/730] 2025-08-23T00Z.json  (279792/h, ETA 0m03s)
  [470/730] 2025-08-23T12Z.json  (279053/h, ETA 0m03s)
  [471/730] 2025-08-25T00Z.json  (279603/h, ETA 0m03s)
  [472/730] 2025-08-26T00Z.json  (279415/h, ETA 0m03s)
  [473/730] 2025-08-24T00Z.json  (279914/h, ETA 0m03s)
  [474/730] 2025-08-24T12Z.json  (280024/h, ETA 0m03s)
  [475/730] 2025-08-25T12Z.json  (280291/h, ETA 0m03s)
  [476/730] 2025-08-27T00Z.json  (280652/h, ETA 0m03s)
  [477/730] 2025-08-26T12Z.json  (281178/h, ETA 0m03s)
  [478/730] 2025-08-28T00Z.json  (281480/h, ETA 0m03s)
  [479/730] 2025-08-27T12Z.json  (281482/h, ETA 0m03s)
  [480/730] 2025-08-30T12Z.json  (281512/h, ETA 0m03s)
  [481/730] 2025-08-30T00Z.json  (282082/h, ETA 0m03s)
  [482/730] 2025-08-28T12Z.json  (281979/h, ETA 0m03s)
  [483/730] 2025-08-31T00Z.json  (282162/h, ETA 0m03s)
  [484/730] 2025-08-31T12Z.json  (282586/h, ETA 0m03s)
  [485/730] 2025-08-29T12Z.json  (283022/h, ETA 0m03s)
  [486/730] 2025-08-29T00Z.json  (283387/h, ETA 0m03s)
  [487/730] 2025-09-01T12Z.json  (283195/h, ETA 0m03s)
  [488/730] 2025-09-01T00Z.json  (283437/h, ETA 0m03s)
  [489/730] 2025-09-02T12Z.json  (283945/h, ETA 0m03s)
  [490/730] 2025-09-02T00Z.json  (284426/h, ETA 0m03s)
  [491/730] 2025-09-03T00Z.json  (284174/h, ETA 0m03s)
  [492/730] 2025-09-03T12Z.json  (284076/h, ETA 0m03s)
  [493/730] 2025-09-04T12Z.json  (283948/h, ETA 0m03s)
  [494/730] 2025-09-06T00Z.json  (284049/h, ETA 0m02s)
  [495/730] 2025-09-05T00Z.json  (284105/h, ETA 0m02s)
  [496/730] 2025-09-04T00Z.json  (284143/h, ETA 0m02s)
  [497/730] 2025-09-05T12Z.json  (284648/h, ETA 0m02s)
  [498/730] 2025-09-07T00Z.json  (284975/h, ETA 0m02s)
  [499/730] 2025-09-07T12Z.json  (285281/h, ETA 0m02s)
  [500/730] 2025-09-06T12Z.json  (285213/h, ETA 0m02s)
  [501/730] 2025-09-08T00Z.json  (285510/h, ETA 0m02s)
  [502/730] 2025-09-08T12Z.json  (286041/h, ETA 0m02s)
  [503/730] 2025-09-09T00Z.json  (286049/h, ETA 0m02s)
  [504/730] 2025-09-10T00Z.json  (286215/h, ETA 0m02s)
  [505/730] 2025-09-10T12Z.json  (286114/h, ETA 0m02s)
  [506/730] 2025-09-12T00Z.json  (286388/h, ETA 0m02s)
  [507/730] 2025-09-09T12Z.json  (286371/h, ETA 0m02s)
  [508/730] 2025-09-11T12Z.json  (286879/h, ETA 0m02s)
  [509/730] 2025-09-11T00Z.json  (287332/h, ETA 0m02s)
  [510/730] 2025-09-13T12Z.json  (287586/h, ETA 0m02s)
  [511/730] 2025-09-12T12Z.json  (288062/h, ETA 0m02s)
  [512/730] 2025-09-13T00Z.json  (288331/h, ETA 0m02s)
  [513/730] 2025-09-14T00Z.json  (288613/h, ETA 0m02s)
  [514/730] 2025-09-15T00Z.json  (289085/h, ETA 0m02s)
  [515/730] 2025-09-14T12Z.json  (289072/h, ETA 0m02s)
  [516/730] 2025-09-16T00Z.json  (289431/h, ETA 0m02s)
  [517/730] 2025-09-15T12Z.json  (289748/h, ETA 0m02s)
  [518/730] 2025-09-17T00Z.json  (289294/h, ETA 0m02s)
  [519/730] 2025-09-17T12Z.json  (289750/h, ETA 0m02s)
  [520/730] 2025-09-16T12Z.json  (290045/h, ETA 0m02s)
  [521/730] 2025-09-18T00Z.json  (290179/h, ETA 0m02s)
  [522/730] 2025-09-18T12Z.json  (290248/h, ETA 0m02s)
  [523/730] 2025-09-19T00Z.json  (290284/h, ETA 0m02s)
  [524/730] 2025-09-20T12Z.json  (290827/h, ETA 0m02s)
  [525/730] 2025-09-20T00Z.json  (291010/h, ETA 0m02s)
  [526/730] 2025-09-19T12Z.json  (291482/h, ETA 0m02s)
  [527/730] 2025-09-21T00Z.json  (290831/h, ETA 0m02s)
  [528/730] 2025-09-23T12Z.json  (291368/h, ETA 0m02s)
  [529/730] 2025-09-22T00Z.json  (291871/h, ETA 0m02s)
  [530/730] 2025-09-21T12Z.json  (292178/h, ETA 0m02s)
  [531/730] 2025-09-23T00Z.json  (292361/h, ETA 0m02s)
  [532/730] 2025-09-22T12Z.json  (292561/h, ETA 0m02s)
  [533/730] 2025-09-26T12Z.json  (292087/h, ETA 0m02s)
  [534/730] 2025-09-25T00Z.json  (292621/h, ETA 0m02s)
  [535/730] 2025-09-25T12Z.json  (293043/h, ETA 0m02s)
  [536/730] 2025-09-24T12Z.json  (293204/h, ETA 0m02s)
  [537/730] 2025-09-26T00Z.json  (293441/h, ETA 0m02s)
  [538/730] 2025-09-24T00Z.json  (293929/h, ETA 0m02s)
  [539/730] 2025-09-27T00Z.json  (294027/h, ETA 0m02s)
  [540/730] 2025-09-28T00Z.json  (294037/h, ETA 0m02s)
  [541/730] 2025-09-27T12Z.json  (294565/h, ETA 0m02s)
  [542/730] 2025-09-29T12Z.json  (294717/h, ETA 0m02s)
  [543/730] 2025-09-29T00Z.json  (294820/h, ETA 0m02s)
  [544/730] 2025-09-28T12Z.json  (295288/h, ETA 0m02s)
  [545/730] 2025-09-30T00Z.json  (295307/h, ETA 0m02s)
  [546/730] 2025-10-01T12Z.json  (295560/h, ETA 0m02s)
  [547/730] 2025-09-30T12Z.json  (295697/h, ETA 0m02s)
  [548/730] 2025-10-01T00Z.json  (295860/h, ETA 0m02s)
  [549/730] 2025-10-02T00Z.json  (296113/h, ETA 0m02s)
  [550/730] 2025-10-03T12Z.json  (296598/h, ETA 0m02s)
  [551/730] 2025-10-03T00Z.json  (296894/h, ETA 0m02s)
  [552/730] 2025-10-02T12Z.json  (297217/h, ETA 0m02s)
  [553/730] 2025-10-05T00Z.json  (297017/h, ETA 0m02s)
  [554/730] 2025-10-04T12Z.json  (297374/h, ETA 0m02s)
  [555/730] 2025-10-06T00Z.json  (297509/h, ETA 0m02s)
  [556/730] 2025-10-06T12Z.json  (297762/h, ETA 0m02s)
  [557/730] 2025-10-04T00Z.json  (298121/h, ETA 0m02s)
  [558/730] 2025-10-07T00Z.json  (298342/h, ETA 0m02s)
  [559/730] 2025-10-05T12Z.json  (298719/h, ETA 0m02s)
  [560/730] 2025-10-07T12Z.json  (298562/h, ETA 0m02s)
  [561/730] 2025-10-09T00Z.json  (298341/h, ETA 0m02s)
  [562/730] 2025-10-08T00Z.json  (297963/h, ETA 0m02s)
  [563/730] 2025-10-08T12Z.json  (298216/h, ETA 0m02s)
  [564/730] 2025-10-09T12Z.json  (298400/h, ETA 0m02s)
  [565/730] 2025-10-10T00Z.json  (298539/h, ETA 0m01s)
  [566/730] 2025-10-10T12Z.json  (298776/h, ETA 0m01s)
  [567/730] 2025-10-12T00Z.json  (297864/h, ETA 0m01s)
  [568/730] 2025-10-12T12Z.json  (298335/h, ETA 0m01s)
  [569/730] 2025-10-11T12Z.json  (298740/h, ETA 0m01s)
  [570/730] 2025-10-11T00Z.json  (298291/h, ETA 0m01s)
  [571/730] 2025-10-14T00Z.json  (291974/h, ETA 0m01s)
  [572/730] 2025-10-13T00Z.json  (289501/h, ETA 0m01s)
  [573/730] 2025-10-13T12Z.json  (288597/h, ETA 0m01s)
  [574/730] 2025-10-15T00Z.json  (288984/h, ETA 0m01s)
  [575/730] 2025-10-14T12Z.json  (287470/h, ETA 0m01s)
  [576/730] 2025-10-16T00Z.json  (287647/h, ETA 0m01s)
  [577/730] 2025-10-15T12Z.json  (287819/h, ETA 0m01s)
  [578/730] 2025-10-16T12Z.json  (288038/h, ETA 0m01s)
  [579/730] 2025-10-18T00Z.json  (288318/h, ETA 0m01s)
  [580/730] 2025-10-17T12Z.json  (288747/h, ETA 0m01s)
  [581/730] 2025-10-17T00Z.json  (289194/h, ETA 0m01s)
  [582/730] 2025-10-18T12Z.json  (287962/h, ETA 0m01s)
  [583/730] 2025-10-19T12Z.json  (286697/h, ETA 0m01s)
  [584/730] 2025-10-21T00Z.json  (287156/h, ETA 0m01s)
  [585/730] 2025-10-19T00Z.json  (287629/h, ETA 0m01s)
  [586/730] 2025-10-20T12Z.json  (288109/h, ETA 0m01s)
  [587/730] 2025-10-20T00Z.json  (288561/h, ETA 0m01s)
  [588/730] 2025-10-21T12Z.json  (288819/h, ETA 0m01s)
  [589/730] 2025-10-23T00Z.json  (288606/h, ETA 0m01s)
  [590/730] 2025-10-24T00Z.json  (289081/h, ETA 0m01s)
  [591/730] 2025-10-22T00Z.json  (289365/h, ETA 0m01s)
  [592/730] 2025-10-24T12Z.json  (289688/h, ETA 0m01s)
  [593/730] 2025-10-23T12Z.json  (290097/h, ETA 0m01s)
  [594/730] 2025-10-22T12Z.json  (290173/h, ETA 0m01s)
  [595/730] 2025-10-25T12Z.json  (290081/h, ETA 0m01s)
  [596/730] 2025-10-25T00Z.json  (290558/h, ETA 0m01s)
  [597/730] 2025-10-26T12Z.json  (290435/h, ETA 0m01s)
  [598/730] 2025-10-28T12Z.json  (290596/h, ETA 0m01s)
  [599/730] 2025-10-27T12Z.json  (290620/h, ETA 0m01s)
  [600/730] 2025-10-27T00Z.json  (291089/h, ETA 0m01s)
  [601/730] 2025-10-28T00Z.json  (291432/h, ETA 0m01s)
  [602/730] 2025-10-26T00Z.json  (291879/h, ETA 0m01s)
  [603/730] 2025-10-29T00Z.json  (292046/h, ETA 0m01s)
  [604/730] 2025-10-30T00Z.json  (292103/h, ETA 0m01s)
  [605/730] 2025-10-31T12Z.json  (292457/h, ETA 0m01s)
  [606/730] 2025-10-29T12Z.json  (292866/h, ETA 0m01s)
  [607/730] 2025-10-30T12Z.json  (292889/h, ETA 0m01s)
  [608/730] 2025-11-02T00Z.json  (292512/h, ETA 0m01s)
  [609/730] 2025-11-01T12Z.json  (292772/h, ETA 0m01s)
  [610/730] 2025-10-31T00Z.json  (293191/h, ETA 0m01s)
  [611/730] 2025-11-01T00Z.json  (293258/h, ETA 0m01s)
  [612/730] 2025-11-03T00Z.json  (293498/h, ETA 0m01s)
  [613/730] 2025-11-02T12Z.json  (293774/h, ETA 0m01s)
  [614/730] 2025-11-05T00Z.json  (293797/h, ETA 0m01s)
  [615/730] 2025-11-04T00Z.json  (294065/h, ETA 0m01s)
  [616/730] 2025-11-03T12Z.json  (293874/h, ETA 0m01s)
  [617/730] 2025-11-04T12Z.json  (294121/h, ETA 0m01s)
  [618/730] 2025-11-06T00Z.json  (294293/h, ETA 0m01s)
  [619/730] 2025-11-05T12Z.json  (294637/h, ETA 0m01s)
  [620/730] 2025-11-07T00Z.json  (294790/h, ETA 0m01s)
  [621/730] 2025-11-07T12Z.json  (294444/h, ETA 0m01s)
  [622/730] 2025-11-09T00Z.json  (294877/h, ETA 0m01s)
  [623/730] 2025-11-08T00Z.json  (295237/h, ETA 0m01s)
  [624/730] 2025-11-08T12Z.json  (295694/h, ETA 0m01s)
  [625/730] 2025-11-06T12Z.json  (295694/h, ETA 0m01s)
  [626/730] 2025-11-10T12Z.json  (295862/h, ETA 0m01s)
  [627/730] 2025-11-09T12Z.json  (296191/h, ETA 0m01s)
  [628/730] 2025-11-12T12Z.json  (295997/h, ETA 0m01s)
  [629/730] 2025-11-11T12Z.json  (295991/h, ETA 0m01s)
  [630/730] 2025-11-11T00Z.json  (296420/h, ETA 0m01s)
  [631/730] 2025-11-12T00Z.json  (296636/h, ETA 0m01s)
  [632/730] 2025-11-10T00Z.json  (297023/h, ETA 0m01s)
  [633/730] 2025-11-13T12Z.json  (297353/h, ETA 0m01s)
  [634/730] 2025-11-13T00Z.json  (297420/h, ETA 0m01s)
  [635/730] 2025-11-14T12Z.json  (297807/h, ETA 0m01s)
  [636/730] 2025-11-15T00Z.json  (298105/h, ETA 0m01s)
  [637/730] 2025-11-16T00Z.json  (298161/h, ETA 0m01s)
  [638/730] 2025-11-15T12Z.json  (298452/h, ETA 0m01s)
  [639/730] 2025-11-14T00Z.json  (298519/h, ETA 0m01s)
  [640/730] 2025-11-17T12Z.json  (298433/h, ETA 0m01s)
  [641/730] 2025-11-16T12Z.json  (298382/h, ETA 0m01s)
  [642/730] 2025-11-18T00Z.json  (298838/h, ETA 0m01s)
  [643/730] 2025-11-17T00Z.json  (298906/h, ETA 0m01s)
  [644/730] 2025-11-19T00Z.json  (298919/h, ETA 0m01s)
  [645/730] 2025-11-18T12Z.json  (299341/h, ETA 0m01s)
  [646/730] 2025-11-19T12Z.json  (299301/h, ETA 0m01s)
  [647/730] 2025-11-21T00Z.json  (299399/h, ETA 0m00s)
  [648/730] 2025-11-20T00Z.json  (299639/h, ETA 0m00s)
  [649/730] 2025-11-21T12Z.json  (299971/h, ETA 0m00s)
  [650/730] 2025-11-22T00Z.json  (300387/h, ETA 0m00s)
  [651/730] 2025-11-20T12Z.json  (300596/h, ETA 0m00s)
  [652/730] 2025-11-22T12Z.json  (300457/h, ETA 0m00s)
  [653/730] 2025-11-23T00Z.json  (300597/h, ETA 0m00s)
  [654/730] 2025-11-24T12Z.json  (300917/h, ETA 0m00s)
  [655/730] 2025-11-25T00Z.json  (301208/h, ETA 0m00s)
  [656/730] 2025-11-25T12Z.json  (301367/h, ETA 0m00s)
  [657/730] 2025-11-24T00Z.json  (301302/h, ETA 0m00s)
  [658/730] 2025-11-27T00Z.json  (301710/h, ETA 0m00s)
  [659/730] 2025-11-23T12Z.json  (301990/h, ETA 0m00s)
  [660/730] 2025-11-26T00Z.json  (302432/h, ETA 0m00s)
  [661/730] 2025-11-26T12Z.json  (302431/h, ETA 0m00s)
  [662/730] 2025-11-27T12Z.json  (302791/h, ETA 0m00s)
  [663/730] 2025-11-28T00Z.json  (303147/h, ETA 0m00s)
  [664/730] 2025-11-28T12Z.json  (303292/h, ETA 0m00s)
  [665/730] 2025-11-29T12Z.json  (303694/h, ETA 0m00s)
  [666/730] 2025-12-01T00Z.json  (303537/h, ETA 0m00s)
  [667/730] 2025-11-30T12Z.json  (303983/h, ETA 0m00s)
  [668/730] 2025-11-30T00Z.json  (304396/h, ETA 0m00s)
  [669/730] 2025-11-29T00Z.json  (303768/h, ETA 0m00s)
  [670/730] 2025-12-03T12Z.json  (304154/h, ETA 0m00s)
  [671/730] 2025-12-03T00Z.json  (304382/h, ETA 0m00s)
  [672/730] 2025-12-01T12Z.json  (304257/h, ETA 0m00s)
  [673/730] 2025-12-04T00Z.json  (304666/h, ETA 0m00s)
  [674/730] 2025-12-02T12Z.json  (305053/h, ETA 0m00s)
  [675/730] 2025-12-02T00Z.json  (305452/h, ETA 0m00s)
  [676/730] 2025-12-04T12Z.json  (305174/h, ETA 0m00s)
  [677/730] 2025-12-06T00Z.json  (304592/h, ETA 0m00s)
  [678/730] 2025-12-07T12Z.json  (305009/h, ETA 0m00s)
  [679/730] 2025-12-06T12Z.json  (305411/h, ETA 0m00s)
  [680/730] 2025-12-05T00Z.json  (305712/h, ETA 0m00s)
  [681/730] 2025-12-07T00Z.json  (305845/h, ETA 0m00s)
  [682/730] 2025-12-05T12Z.json  (306177/h, ETA 0m00s)
  [683/730] 2025-12-09T12Z.json  (306119/h, ETA 0m00s)
  [684/730] 2025-12-10T00Z.json  (306162/h, ETA 0m00s)
  [685/730] 2025-12-08T00Z.json  (306532/h, ETA 0m00s)
  [686/730] 2025-12-10T12Z.json  (306488/h, ETA 0m00s)
  [687/730] 2025-12-08T12Z.json  (306924/h, ETA 0m00s)
  [688/730] 2025-12-11T12Z.json  (306910/h, ETA 0m00s)
  [689/730] 2025-12-11T00Z.json  (307253/h, ETA 0m00s)
  [690/730] 2025-12-09T00Z.json  (307652/h, ETA 0m00s)
  [691/730] 2025-12-12T00Z.json  (307738/h, ETA 0m00s)
  [692/730] 2025-12-12T12Z.json  (307859/h, ETA 0m00s)
  [693/730] 2025-12-14T00Z.json  (307919/h, ETA 0m00s)
  [694/730] 2025-12-13T00Z.json  (307813/h, ETA 0m00s)
  [695/730] 2025-12-13T12Z.json  (308213/h, ETA 0m00s)
  [696/730] 2025-12-15T00Z.json  (308383/h, ETA 0m00s)
  [697/730] 2025-12-16T00Z.json  (308812/h, ETA 0m00s)
  [698/730] 2025-12-14T12Z.json  (309150/h, ETA 0m00s)
  [699/730] 2025-12-15T12Z.json  (309374/h, ETA 0m00s)
  [700/730] 2025-12-17T00Z.json  (308769/h, ETA 0m00s)
  [701/730] 2025-12-17T12Z.json  (308998/h, ETA 0m00s)
  [702/730] 2025-12-18T12Z.json  (309355/h, ETA 0m00s)
  [703/730] 2025-12-19T00Z.json  (309778/h, ETA 0m00s)
  [704/730] 2025-12-16T12Z.json  (309823/h, ETA 0m00s)
  [705/730] 2025-12-18T00Z.json  (309751/h, ETA 0m00s)
  [706/730] 2025-12-20T12Z.json  (310178/h, ETA 0m00s)
  [707/730] 2025-12-20T00Z.json  (310315/h, ETA 0m00s)
  [708/730] 2025-12-19T12Z.json  (310708/h, ETA 0m00s)
  [709/730] 2025-12-21T12Z.json  (310883/h, ETA 0m00s)
  [710/730] 2025-12-21T00Z.json  (311144/h, ETA 0m00s)
  [711/730] 2025-12-22T12Z.json  (311473/h, ETA 0m00s)
  [712/730] 2025-12-22T00Z.json  (311190/h, ETA 0m00s)
  [713/730] 2025-12-24T00Z.json  (311361/h, ETA 0m00s)
  [714/730] 2025-12-24T12Z.json  (311788/h, ETA 0m00s)
  [715/730] 2025-12-23T00Z.json  (312108/h, ETA 0m00s)
  [716/730] 2025-12-23T12Z.json  (312485/h, ETA 0m00s)
  [717/730] 2025-12-25T00Z.json  (311667/h, ETA 0m00s)
  [718/730] 2025-12-25T12Z.json  (311239/h, ETA 0m00s)
  [719/730] 2025-12-28T00Z.json  (311634/h, ETA 0m00s)
  [720/730] 2025-12-27T12Z.json  (311790/h, ETA 0m00s)
  [721/730] 2025-12-27T00Z.json  (311571/h, ETA 0m00s)
  [722/730] 2025-12-26T12Z.json  (311500/h, ETA 0m00s)
  [723/730] 2025-12-26T00Z.json  (311916/h, ETA 0m00s)
  [724/730] 2025-12-28T12Z.json  (312339/h, ETA 0m00s)
  [725/730] 2025-12-29T00Z.json  (312106/h, ETA 0m00s)
  [726/730] 2025-12-30T00Z.json  (312169/h, ETA 0m00s)
  [727/730] 2025-12-31T12Z.json  (312469/h, ETA 0m00s)
  [728/730] 2025-12-29T12Z.json  (312629/h, ETA 0m00s)
  [729/730] 2025-12-31T00Z.json  (312931/h, ETA 0m00s)
  [730/730] 2025-12-30T12Z.json  (313159/h, ETA 0m00s)
Wrote /home/c52li/weatherloo-internal/benchmarking-site/data/unet/unet_2025.npz (730 inits, shape (730, 2, 2, 12) per metric).
Skipped 2 existing init(s) (--resume).
Done in 0m09s. 730 init files.
Next: bash benchmarking-site/scripts/build_static_aggregates.sh --methods unet
