job 583380 on tr-slurm2
shard 3/8: 2022-06-04 .. 2023-01-08 (219 days of 1745)
/home/c52li/weatherloo-internal/.venv/lib/python3.10/site-packages/google/api_core/_python_version_support.py:255: FutureWarning: You are using a Python version (3.10.12) which Google will stop supporting in new releases of google.api_core once it reaches its end of life (2026-10-04). Please upgrade to the latest Python version, or at least Python 3.11, to continue receiving updates for google.api_core past that date.
  warnings.warn(message, FutureWarning)
/home/c52li/weatherloo-internal/.venv/lib/python3.10/site-packages/google/api_core/_python_version_support.py:255: FutureWarning: You are using a Python version (3.10.12) which Google will stop supporting in new releases of google.cloud._storage_v2 once it reaches its end of life (2026-10-04). Please upgrade to the latest Python version, or at least Python 3.11, to continue receiving updates for google.cloud._storage_v2 past that date.
  warnings.warn(message, FutureWarning)
/home/c52li/weatherloo-internal/.venv/lib/python3.10/site-packages/google/api_core/_python_version_support.py:255: FutureWarning: You are using a Python version (3.10.12) which Google will stop supporting in new releases of google.cloud.storage_control_v2 once it reaches its end of life (2026-10-04). Please upgrade to the latest Python version, or at least Python 3.11, to continue receiving updates for google.cloud.storage_control_v2 past that date.
  warnings.warn(message, FutureWarning)
skipping corrupted Message
Traceback (most recent call last):
  File "/home/c52li/weatherloo-internal/.venv/lib/python3.10/site-packages/cfgrib/messages.py", line 274, in itervalues
    yield self.filestream.message_from_file(file, errors=errors)
  File "/home/c52li/weatherloo-internal/.venv/lib/python3.10/site-packages/cfgrib/messages.py", line 341, in message_from_file
    return Message.from_file(file, offset, **kwargs)
  File "/home/c52li/weatherloo-internal/.venv/lib/python3.10/site-packages/cfgrib/messages.py", line 97, in from_file
    codes_id = eccodes.codes_grib_new_from_file(file)
  File "/home/c52li/weatherloo-internal/.venv/lib/python3.10/site-packages/gribapi/gribapi.py", line 415, in grib_new_from_file
    GRIB_CHECK(err)
  File "/home/c52li/weatherloo-internal/.venv/lib/python3.10/site-packages/gribapi/gribapi.py", line 232, in GRIB_CHECK
    errors.raise_grib_error(errid)
  File "/home/c52li/weatherloo-internal/.venv/lib/python3.10/site-packages/gribapi/errors.py", line 386, in raise_grib_error
    raise ERROR_MAP[errid](errid)
gribapi.errors.PrematureEndOfFileError: End of resource reached when reading message
skipping corrupted Message
Traceback (most recent call last):
  File "/home/c52li/weatherloo-internal/.venv/lib/python3.10/site-packages/cfgrib/messages.py", line 274, in itervalues
    yield self.filestream.message_from_file(file, errors=errors)
  File "/home/c52li/weatherloo-internal/.venv/lib/python3.10/site-packages/cfgrib/messages.py", line 341, in message_from_file
    return Message.from_file(file, offset, **kwargs)
  File "/home/c52li/weatherloo-internal/.venv/lib/python3.10/site-packages/cfgrib/messages.py", line 97, in from_file
    codes_id = eccodes.codes_grib_new_from_file(file)
  File "/home/c52li/weatherloo-internal/.venv/lib/python3.10/site-packages/gribapi/gribapi.py", line 415, in grib_new_from_file
    GRIB_CHECK(err)
  File "/home/c52li/weatherloo-internal/.venv/lib/python3.10/site-packages/gribapi/gribapi.py", line 232, in GRIB_CHECK
    errors.raise_grib_error(errid)
  File "/home/c52li/weatherloo-internal/.venv/lib/python3.10/site-packages/gribapi/errors.py", line 386, in raise_grib_error
    raise ERROR_MAP[errid](errid)
gribapi.errors.PrematureEndOfFileError: End of resource reached when reading message
Can't create file '/mnt/wato-drive/c52li/weatherloo-data/unet/gfs_grib/20221129_18z_f018_t2m_k.grib2.5b7b6.idx'
Traceback (most recent call last):
  File "/home/c52li/weatherloo-internal/.venv/lib/python3.10/site-packages/cfgrib/messages.py", line 274, in itervalues
    yield self.filestream.message_from_file(file, errors=errors)
  File "/home/c52li/weatherloo-internal/.venv/lib/python3.10/site-packages/cfgrib/messages.py", line 341, in message_from_file
    return Message.from_file(file, offset, **kwargs)
  File "/home/c52li/weatherloo-internal/.venv/lib/python3.10/site-packages/cfgrib/messages.py", line 105, in from_file
    raise EOFError("End of file: %r" % file)
EOFError: End of file: <_io.BufferedReader name='/mnt/wato-drive/c52li/weatherloo-data/unet/gfs_grib/20221129_18z_f018_t2m_k.grib2'>

During handling of the above exception, another exception occurred:

Traceback (most recent call last):
  File "/home/c52li/weatherloo-internal/.venv/lib/python3.10/site-packages/cfgrib/messages.py", line 539, in from_indexpath_or_filestream
    self = cls.from_fieldset(filestream, index_keys, computed_keys)
  File "/home/c52li/weatherloo-internal/.venv/lib/python3.10/site-packages/cfgrib/messages.py", line 379, in from_fieldset
    return cls.from_fieldset_and_iteritems(fieldset, iteritems, index_keys, computed_keys)
  File "/home/c52li/weatherloo-internal/.venv/lib/python3.10/site-packages/cfgrib/messages.py", line 392, in from_fieldset_and_iteritems
    for field_id, raw_field in iteritems:
  File "/home/c52li/weatherloo-internal/.venv/lib/python3.10/site-packages/cfgrib/messages.py", line 292, in __iter__
    for message in self.itervalues():
  File "/home/c52li/weatherloo-internal/.venv/lib/python3.10/site-packages/cfgrib/messages.py", line 278, in itervalues
    raise EOFError("No valid message found: %r" % self.filestream.path)
EOFError: No valid message found: '/mnt/wato-drive/c52li/weatherloo-data/unet/gfs_grib/20221129_18z_f018_t2m_k.grib2'
Can't read index file '/mnt/wato-drive/c52li/weatherloo-data/unet/gfs_grib/20221129_18z_f018_t2m_k.grib2.5b7b6.idx'
Traceback (most recent call last):
  File "/home/c52li/weatherloo-internal/.venv/lib/python3.10/site-packages/cfgrib/messages.py", line 548, in from_indexpath_or_filestream
    index_mtime = os.path.getmtime(indexpath)
  File "/usr/lib/python3.10/genericpath.py", line 55, in getmtime
    return os.stat(filename).st_mtime
FileNotFoundError: [Errno 2] No such file or directory: '/mnt/wato-drive/c52li/weatherloo-data/unet/gfs_grib/20221129_18z_f018_t2m_k.grib2.5b7b6.idx'
Can't create file '/mnt/wato-drive/c52li/weatherloo-data/unet/gfs_grib/20221129_18z_f024_t2m_k.grib2.5b7b6.idx'
Traceback (most recent call last):
  File "/home/c52li/weatherloo-internal/.venv/lib/python3.10/site-packages/cfgrib/messages.py", line 274, in itervalues
    yield self.filestream.message_from_file(file, errors=errors)
  File "/home/c52li/weatherloo-internal/.venv/lib/python3.10/site-packages/cfgrib/messages.py", line 341, in message_from_file
    return Message.from_file(file, offset, **kwargs)
  File "/home/c52li/weatherloo-internal/.venv/lib/python3.10/site-packages/cfgrib/messages.py", line 105, in from_file
    raise EOFError("End of file: %r" % file)
EOFError: End of file: <_io.BufferedReader name='/mnt/wato-drive/c52li/weatherloo-data/unet/gfs_grib/20221129_18z_f024_t2m_k.grib2'>

During handling of the above exception, another exception occurred:

Traceback (most recent call last):
  File "/home/c52li/weatherloo-internal/.venv/lib/python3.10/site-packages/cfgrib/messages.py", line 539, in from_indexpath_or_filestream
    self = cls.from_fieldset(filestream, index_keys, computed_keys)
  File "/home/c52li/weatherloo-internal/.venv/lib/python3.10/site-packages/cfgrib/messages.py", line 379, in from_fieldset
    return cls.from_fieldset_and_iteritems(fieldset, iteritems, index_keys, computed_keys)
  File "/home/c52li/weatherloo-internal/.venv/lib/python3.10/site-packages/cfgrib/messages.py", line 392, in from_fieldset_and_iteritems
    for field_id, raw_field in iteritems:
  File "/home/c52li/weatherloo-internal/.venv/lib/python3.10/site-packages/cfgrib/messages.py", line 292, in __iter__
    for message in self.itervalues():
  File "/home/c52li/weatherloo-internal/.venv/lib/python3.10/site-packages/cfgrib/messages.py", line 278, in itervalues
    raise EOFError("No valid message found: %r" % self.filestream.path)
EOFError: No valid message found: '/mnt/wato-drive/c52li/weatherloo-data/unet/gfs_grib/20221129_18z_f024_t2m_k.grib2'
Can't read index file '/mnt/wato-drive/c52li/weatherloo-data/unet/gfs_grib/20221129_18z_f024_t2m_k.grib2.5b7b6.idx'
Traceback (most recent call last):
  File "/home/c52li/weatherloo-internal/.venv/lib/python3.10/site-packages/cfgrib/messages.py", line 548, in from_indexpath_or_filestream
    index_mtime = os.path.getmtime(indexpath)
  File "/usr/lib/python3.10/genericpath.py", line 55, in getmtime
    return os.stat(filename).st_mtime
FileNotFoundError: [Errno 2] No such file or directory: '/mnt/wato-drive/c52li/weatherloo-data/unet/gfs_grib/20221129_18z_f024_t2m_k.grib2.5b7b6.idx'
skipping corrupted Message
Traceback (most recent call last):
  File "/home/c52li/weatherloo-internal/.venv/lib/python3.10/site-packages/cfgrib/messages.py", line 274, in itervalues
    yield self.filestream.message_from_file(file, errors=errors)
  File "/home/c52li/weatherloo-internal/.venv/lib/python3.10/site-packages/cfgrib/messages.py", line 341, in message_from_file
    return Message.from_file(file, offset, **kwargs)
  File "/home/c52li/weatherloo-internal/.venv/lib/python3.10/site-packages/cfgrib/messages.py", line 97, in from_file
    codes_id = eccodes.codes_grib_new_from_file(file)
  File "/home/c52li/weatherloo-internal/.venv/lib/python3.10/site-packages/gribapi/gribapi.py", line 415, in grib_new_from_file
    GRIB_CHECK(err)
  File "/home/c52li/weatherloo-internal/.venv/lib/python3.10/site-packages/gribapi/gribapi.py", line 232, in GRIB_CHECK
    errors.raise_grib_error(errid)
  File "/home/c52li/weatherloo-internal/.venv/lib/python3.10/site-packages/gribapi/errors.py", line 386, in raise_grib_error
    raise ERROR_MAP[errid](errid)
gribapi.errors.PrematureEndOfFileError: End of resource reached when reading message
skipping corrupted Message
Traceback (most recent call last):
  File "/home/c52li/weatherloo-internal/.venv/lib/python3.10/site-packages/cfgrib/messages.py", line 274, in itervalues
    yield self.filestream.message_from_file(file, errors=errors)
  File "/home/c52li/weatherloo-internal/.venv/lib/python3.10/site-packages/cfgrib/messages.py", line 341, in message_from_file
    return Message.from_file(file, offset, **kwargs)
  File "/home/c52li/weatherloo-internal/.venv/lib/python3.10/site-packages/cfgrib/messages.py", line 97, in from_file
    codes_id = eccodes.codes_grib_new_from_file(file)
  File "/home/c52li/weatherloo-internal/.venv/lib/python3.10/site-packages/gribapi/gribapi.py", line 415, in grib_new_from_file
    GRIB_CHECK(err)
  File "/home/c52li/weatherloo-internal/.venv/lib/python3.10/site-packages/gribapi/gribapi.py", line 232, in GRIB_CHECK
    errors.raise_grib_error(errid)
  File "/home/c52li/weatherloo-internal/.venv/lib/python3.10/site-packages/gribapi/errors.py", line 386, in raise_grib_error
    raise ERROR_MAP[errid](errid)
gribapi.errors.PrematureEndOfFileError: End of resource reached when reading message
skipping corrupted Message
Traceback (most recent call last):
  File "/home/c52li/weatherloo-internal/.venv/lib/python3.10/site-packages/cfgrib/messages.py", line 274, in itervalues
    yield self.filestream.message_from_file(file, errors=errors)
  File "/home/c52li/weatherloo-internal/.venv/lib/python3.10/site-packages/cfgrib/messages.py", line 341, in message_from_file
    return Message.from_file(file, offset, **kwargs)
  File "/home/c52li/weatherloo-internal/.venv/lib/python3.10/site-packages/cfgrib/messages.py", line 97, in from_file
    codes_id = eccodes.codes_grib_new_from_file(file)
  File "/home/c52li/weatherloo-internal/.venv/lib/python3.10/site-packages/gribapi/gribapi.py", line 415, in grib_new_from_file
    GRIB_CHECK(err)
  File "/home/c52li/weatherloo-internal/.venv/lib/python3.10/site-packages/gribapi/gribapi.py", line 232, in GRIB_CHECK
    errors.raise_grib_error(errid)
  File "/home/c52li/weatherloo-internal/.venv/lib/python3.10/site-packages/gribapi/errors.py", line 386, in raise_grib_error
    raise ERROR_MAP[errid](errid)
gribapi.errors.PrematureEndOfFileError: End of resource reached when reading message
Can't create file '/mnt/wato-drive/c52li/weatherloo-data/unet/gfs_grib/20221129_18z_f048_t2m_k.grib2.5b7b6.idx'
Traceback (most recent call last):
  File "/home/c52li/weatherloo-internal/.venv/lib/python3.10/site-packages/cfgrib/messages.py", line 274, in itervalues
    yield self.filestream.message_from_file(file, errors=errors)
  File "/home/c52li/weatherloo-internal/.venv/lib/python3.10/site-packages/cfgrib/messages.py", line 341, in message_from_file
    return Message.from_file(file, offset, **kwargs)
  File "/home/c52li/weatherloo-internal/.venv/lib/python3.10/site-packages/cfgrib/messages.py", line 105, in from_file
    raise EOFError("End of file: %r" % file)
EOFError: End of file: <_io.BufferedReader name='/mnt/wato-drive/c52li/weatherloo-data/unet/gfs_grib/20221129_18z_f048_t2m_k.grib2'>

During handling of the above exception, another exception occurred:

Traceback (most recent call last):
  File "/home/c52li/weatherloo-internal/.venv/lib/python3.10/site-packages/cfgrib/messages.py", line 539, in from_indexpath_or_filestream
    self = cls.from_fieldset(filestream, index_keys, computed_keys)
  File "/home/c52li/weatherloo-internal/.venv/lib/python3.10/site-packages/cfgrib/messages.py", line 379, in from_fieldset
    return cls.from_fieldset_and_iteritems(fieldset, iteritems, index_keys, computed_keys)
  File "/home/c52li/weatherloo-internal/.venv/lib/python3.10/site-packages/cfgrib/messages.py", line 392, in from_fieldset_and_iteritems
    for field_id, raw_field in iteritems:
  File "/home/c52li/weatherloo-internal/.venv/lib/python3.10/site-packages/cfgrib/messages.py", line 292, in __iter__
    for message in self.itervalues():
  File "/home/c52li/weatherloo-internal/.venv/lib/python3.10/site-packages/cfgrib/messages.py", line 278, in itervalues
    raise EOFError("No valid message found: %r" % self.filestream.path)
EOFError: No valid message found: '/mnt/wato-drive/c52li/weatherloo-data/unet/gfs_grib/20221129_18z_f048_t2m_k.grib2'
Can't read index file '/mnt/wato-drive/c52li/weatherloo-data/unet/gfs_grib/20221129_18z_f048_t2m_k.grib2.5b7b6.idx'
Traceback (most recent call last):
  File "/home/c52li/weatherloo-internal/.venv/lib/python3.10/site-packages/cfgrib/messages.py", line 548, in from_indexpath_or_filestream
    index_mtime = os.path.getmtime(indexpath)
  File "/usr/lib/python3.10/genericpath.py", line 55, in getmtime
    return os.stat(filename).st_mtime
FileNotFoundError: [Errno 2] No such file or directory: '/mnt/wato-drive/c52li/weatherloo-data/unet/gfs_grib/20221129_18z_f048_t2m_k.grib2.5b7b6.idx'
skipping corrupted Message
Traceback (most recent call last):
  File "/home/c52li/weatherloo-internal/.venv/lib/python3.10/site-packages/cfgrib/messages.py", line 274, in itervalues
    yield self.filestream.message_from_file(file, errors=errors)
  File "/home/c52li/weatherloo-internal/.venv/lib/python3.10/site-packages/cfgrib/messages.py", line 341, in message_from_file
    return Message.from_file(file, offset, **kwargs)
  File "/home/c52li/weatherloo-internal/.venv/lib/python3.10/site-packages/cfgrib/messages.py", line 97, in from_file
    codes_id = eccodes.codes_grib_new_from_file(file)
  File "/home/c52li/weatherloo-internal/.venv/lib/python3.10/site-packages/gribapi/gribapi.py", line 415, in grib_new_from_file
    GRIB_CHECK(err)
  File "/home/c52li/weatherloo-internal/.venv/lib/python3.10/site-packages/gribapi/gribapi.py", line 232, in GRIB_CHECK
    errors.raise_grib_error(errid)
  File "/home/c52li/weatherloo-internal/.venv/lib/python3.10/site-packages/gribapi/errors.py", line 386, in raise_grib_error
    raise ERROR_MAP[errid](errid)
gribapi.errors.PrematureEndOfFileError: End of resource reached when reading message
skipping corrupted Message
Traceback (most recent call last):
  File "/home/c52li/weatherloo-internal/.venv/lib/python3.10/site-packages/cfgrib/messages.py", line 274, in itervalues
    yield self.filestream.message_from_file(file, errors=errors)
  File "/home/c52li/weatherloo-internal/.venv/lib/python3.10/site-packages/cfgrib/messages.py", line 341, in message_from_file
    return Message.from_file(file, offset, **kwargs)
  File "/home/c52li/weatherloo-internal/.venv/lib/python3.10/site-packages/cfgrib/messages.py", line 97, in from_file
    codes_id = eccodes.codes_grib_new_from_file(file)
  File "/home/c52li/weatherloo-internal/.venv/lib/python3.10/site-packages/gribapi/gribapi.py", line 415, in grib_new_from_file
    GRIB_CHECK(err)
  File "/home/c52li/weatherloo-internal/.venv/lib/python3.10/site-packages/gribapi/gribapi.py", line 232, in GRIB_CHECK
    errors.raise_grib_error(errid)
  File "/home/c52li/weatherloo-internal/.venv/lib/python3.10/site-packages/gribapi/errors.py", line 386, in raise_grib_error
    raise ERROR_MAP[errid](errid)
gribapi.errors.PrematureEndOfFileError: End of resource reached when reading message
Can't create file '/mnt/wato-drive/c52li/weatherloo-data/unet/gfs_grib/20221129_18z_f012_u10.grib2.5b7b6.idx'
Traceback (most recent call last):
  File "/home/c52li/weatherloo-internal/.venv/lib/python3.10/site-packages/cfgrib/messages.py", line 274, in itervalues
    yield self.filestream.message_from_file(file, errors=errors)
  File "/home/c52li/weatherloo-internal/.venv/lib/python3.10/site-packages/cfgrib/messages.py", line 341, in message_from_file
    return Message.from_file(file, offset, **kwargs)
  File "/home/c52li/weatherloo-internal/.venv/lib/python3.10/site-packages/cfgrib/messages.py", line 105, in from_file
    raise EOFError("End of file: %r" % file)
EOFError: End of file: <_io.BufferedReader name='/mnt/wato-drive/c52li/weatherloo-data/unet/gfs_grib/20221129_18z_f012_u10.grib2'>

During handling of the above exception, another exception occurred:

Traceback (most recent call last):
  File "/home/c52li/weatherloo-internal/.venv/lib/python3.10/site-packages/cfgrib/messages.py", line 539, in from_indexpath_or_filestream
    self = cls.from_fieldset(filestream, index_keys, computed_keys)
  File "/home/c52li/weatherloo-internal/.venv/lib/python3.10/site-packages/cfgrib/messages.py", line 379, in from_fieldset
    return cls.from_fieldset_and_iteritems(fieldset, iteritems, index_keys, computed_keys)
  File "/home/c52li/weatherloo-internal/.venv/lib/python3.10/site-packages/cfgrib/messages.py", line 392, in from_fieldset_and_iteritems
    for field_id, raw_field in iteritems:
  File "/home/c52li/weatherloo-internal/.venv/lib/python3.10/site-packages/cfgrib/messages.py", line 292, in __iter__
    for message in self.itervalues():
  File "/home/c52li/weatherloo-internal/.venv/lib/python3.10/site-packages/cfgrib/messages.py", line 278, in itervalues
    raise EOFError("No valid message found: %r" % self.filestream.path)
EOFError: No valid message found: '/mnt/wato-drive/c52li/weatherloo-data/unet/gfs_grib/20221129_18z_f012_u10.grib2'
Can't read index file '/mnt/wato-drive/c52li/weatherloo-data/unet/gfs_grib/20221129_18z_f012_u10.grib2.5b7b6.idx'
Traceback (most recent call last):
  File "/home/c52li/weatherloo-internal/.venv/lib/python3.10/site-packages/cfgrib/messages.py", line 548, in from_indexpath_or_filestream
    index_mtime = os.path.getmtime(indexpath)
  File "/usr/lib/python3.10/genericpath.py", line 55, in getmtime
    return os.stat(filename).st_mtime
FileNotFoundError: [Errno 2] No such file or directory: '/mnt/wato-drive/c52li/weatherloo-data/unet/gfs_grib/20221129_18z_f012_u10.grib2.5b7b6.idx'
skipping corrupted Message
Traceback (most recent call last):
  File "/home/c52li/weatherloo-internal/.venv/lib/python3.10/site-packages/cfgrib/messages.py", line 274, in itervalues
    yield self.filestream.message_from_file(file, errors=errors)
  File "/home/c52li/weatherloo-internal/.venv/lib/python3.10/site-packages/cfgrib/messages.py", line 341, in message_from_file
    return Message.from_file(file, offset, **kwargs)
  File "/home/c52li/weatherloo-internal/.venv/lib/python3.10/site-packages/cfgrib/messages.py", line 97, in from_file
    codes_id = eccodes.codes_grib_new_from_file(file)
  File "/home/c52li/weatherloo-internal/.venv/lib/python3.10/site-packages/gribapi/gribapi.py", line 415, in grib_new_from_file
    GRIB_CHECK(err)
  File "/home/c52li/weatherloo-internal/.venv/lib/python3.10/site-packages/gribapi/gribapi.py", line 232, in GRIB_CHECK
    errors.raise_grib_error(errid)
  File "/home/c52li/weatherloo-internal/.venv/lib/python3.10/site-packages/gribapi/errors.py", line 386, in raise_grib_error
    raise ERROR_MAP[errid](errid)
gribapi.errors.PrematureEndOfFileError: End of resource reached when reading message
skipping corrupted Message
Traceback (most recent call last):
  File "/home/c52li/weatherloo-internal/.venv/lib/python3.10/site-packages/cfgrib/messages.py", line 274, in itervalues
    yield self.filestream.message_from_file(file, errors=errors)
  File "/home/c52li/weatherloo-internal/.venv/lib/python3.10/site-packages/cfgrib/messages.py", line 341, in message_from_file
    return Message.from_file(file, offset, **kwargs)
  File "/home/c52li/weatherloo-internal/.venv/lib/python3.10/site-packages/cfgrib/messages.py", line 97, in from_file
    codes_id = eccodes.codes_grib_new_from_file(file)
  File "/home/c52li/weatherloo-internal/.venv/lib/python3.10/site-packages/gribapi/gribapi.py", line 415, in grib_new_from_file
    GRIB_CHECK(err)
  File "/home/c52li/weatherloo-internal/.venv/lib/python3.10/site-packages/gribapi/gribapi.py", line 232, in GRIB_CHECK
    errors.raise_grib_error(errid)
  File "/home/c52li/weatherloo-internal/.venv/lib/python3.10/site-packages/gribapi/errors.py", line 386, in raise_grib_error
    raise ERROR_MAP[errid](errid)
gribapi.errors.PrematureEndOfFileError: End of resource reached when reading message
skipping corrupted Message
Traceback (most recent call last):
  File "/home/c52li/weatherloo-internal/.venv/lib/python3.10/site-packages/cfgrib/messages.py", line 274, in itervalues
    yield self.filestream.message_from_file(file, errors=errors)
  File "/home/c52li/weatherloo-internal/.venv/lib/python3.10/site-packages/cfgrib/messages.py", line 341, in message_from_file
    return Message.from_file(file, offset, **kwargs)
  File "/home/c52li/weatherloo-internal/.venv/lib/python3.10/site-packages/cfgrib/messages.py", line 97, in from_file
    codes_id = eccodes.codes_grib_new_from_file(file)
  File "/home/c52li/weatherloo-internal/.venv/lib/python3.10/site-packages/gribapi/gribapi.py", line 415, in grib_new_from_file
    GRIB_CHECK(err)
  File "/home/c52li/weatherloo-internal/.venv/lib/python3.10/site-packages/gribapi/gribapi.py", line 232, in GRIB_CHECK
    errors.raise_grib_error(errid)
  File "/home/c52li/weatherloo-internal/.venv/lib/python3.10/site-packages/gribapi/errors.py", line 386, in raise_grib_error
    raise ERROR_MAP[errid](errid)
gribapi.errors.PrematureEndOfFileError: End of resource reached when reading message
Can't create file '/mnt/wato-drive/c52li/weatherloo-data/unet/gfs_grib/20221130_06z_f030_u10.grib2.5b7b6.idx'
Traceback (most recent call last):
  File "/home/c52li/weatherloo-internal/.venv/lib/python3.10/site-packages/cfgrib/messages.py", line 274, in itervalues
    yield self.filestream.message_from_file(file, errors=errors)
  File "/home/c52li/weatherloo-internal/.venv/lib/python3.10/site-packages/cfgrib/messages.py", line 341, in message_from_file
    return Message.from_file(file, offset, **kwargs)
  File "/home/c52li/weatherloo-internal/.venv/lib/python3.10/site-packages/cfgrib/messages.py", line 105, in from_file
    raise EOFError("End of file: %r" % file)
EOFError: End of file: <_io.BufferedReader name='/mnt/wato-drive/c52li/weatherloo-data/unet/gfs_grib/20221130_06z_f030_u10.grib2'>

During handling of the above exception, another exception occurred:

Traceback (most recent call last):
  File "/home/c52li/weatherloo-internal/.venv/lib/python3.10/site-packages/cfgrib/messages.py", line 539, in from_indexpath_or_filestream
    self = cls.from_fieldset(filestream, index_keys, computed_keys)
  File "/home/c52li/weatherloo-internal/.venv/lib/python3.10/site-packages/cfgrib/messages.py", line 379, in from_fieldset
    return cls.from_fieldset_and_iteritems(fieldset, iteritems, index_keys, computed_keys)
  File "/home/c52li/weatherloo-internal/.venv/lib/python3.10/site-packages/cfgrib/messages.py", line 392, in from_fieldset_and_iteritems
    for field_id, raw_field in iteritems:
  File "/home/c52li/weatherloo-internal/.venv/lib/python3.10/site-packages/cfgrib/messages.py", line 292, in __iter__
    for message in self.itervalues():
  File "/home/c52li/weatherloo-internal/.venv/lib/python3.10/site-packages/cfgrib/messages.py", line 278, in itervalues
    raise EOFError("No valid message found: %r" % self.filestream.path)
EOFError: No valid message found: '/mnt/wato-drive/c52li/weatherloo-data/unet/gfs_grib/20221130_06z_f030_u10.grib2'
Can't read index file '/mnt/wato-drive/c52li/weatherloo-data/unet/gfs_grib/20221130_06z_f030_u10.grib2.5b7b6.idx'
Traceback (most recent call last):
  File "/home/c52li/weatherloo-internal/.venv/lib/python3.10/site-packages/cfgrib/messages.py", line 548, in from_indexpath_or_filestream
    index_mtime = os.path.getmtime(indexpath)
  File "/usr/lib/python3.10/genericpath.py", line 55, in getmtime
    return os.stat(filename).st_mtime
FileNotFoundError: [Errno 2] No such file or directory: '/mnt/wato-drive/c52li/weatherloo-data/unet/gfs_grib/20221130_06z_f030_u10.grib2.5b7b6.idx'
skipping corrupted Message
Traceback (most recent call last):
  File "/home/c52li/weatherloo-internal/.venv/lib/python3.10/site-packages/cfgrib/messages.py", line 274, in itervalues
    yield self.filestream.message_from_file(file, errors=errors)
  File "/home/c52li/weatherloo-internal/.venv/lib/python3.10/site-packages/cfgrib/messages.py", line 341, in message_from_file
    return Message.from_file(file, offset, **kwargs)
  File "/home/c52li/weatherloo-internal/.venv/lib/python3.10/site-packages/cfgrib/messages.py", line 97, in from_file
    codes_id = eccodes.codes_grib_new_from_file(file)
  File "/home/c52li/weatherloo-internal/.venv/lib/python3.10/site-packages/gribapi/gribapi.py", line 415, in grib_new_from_file
    GRIB_CHECK(err)
  File "/home/c52li/weatherloo-internal/.venv/lib/python3.10/site-packages/gribapi/gribapi.py", line 232, in GRIB_CHECK
    errors.raise_grib_error(errid)
  File "/home/c52li/weatherloo-internal/.venv/lib/python3.10/site-packages/gribapi/errors.py", line 386, in raise_grib_error
    raise ERROR_MAP[errid](errid)
gribapi.errors.PrematureEndOfFileError: End of resource reached when reading message
Can't create file '/mnt/wato-drive/c52li/weatherloo-data/unet/gfs_grib/20221130_06z_f024_u10.grib2.5b7b6.idx'
Traceback (most recent call last):
  File "/home/c52li/weatherloo-internal/.venv/lib/python3.10/site-packages/cfgrib/messages.py", line 274, in itervalues
    yield self.filestream.message_from_file(file, errors=errors)
  File "/home/c52li/weatherloo-internal/.venv/lib/python3.10/site-packages/cfgrib/messages.py", line 341, in message_from_file
    return Message.from_file(file, offset, **kwargs)
  File "/home/c52li/weatherloo-internal/.venv/lib/python3.10/site-packages/cfgrib/messages.py", line 105, in from_file
    raise EOFError("End of file: %r" % file)
EOFError: End of file: <_io.BufferedReader name='/mnt/wato-drive/c52li/weatherloo-data/unet/gfs_grib/20221130_06z_f024_u10.grib2'>

During handling of the above exception, another exception occurred:

Traceback (most recent call last):
  File "/home/c52li/weatherloo-internal/.venv/lib/python3.10/site-packages/cfgrib/messages.py", line 539, in from_indexpath_or_filestream
    self = cls.from_fieldset(filestream, index_keys, computed_keys)
  File "/home/c52li/weatherloo-internal/.venv/lib/python3.10/site-packages/cfgrib/messages.py", line 379, in from_fieldset
    return cls.from_fieldset_and_iteritems(fieldset, iteritems, index_keys, computed_keys)
  File "/home/c52li/weatherloo-internal/.venv/lib/python3.10/site-packages/cfgrib/messages.py", line 392, in from_fieldset_and_iteritems
    for field_id, raw_field in iteritems:
  File "/home/c52li/weatherloo-internal/.venv/lib/python3.10/site-packages/cfgrib/messages.py", line 292, in __iter__
    for message in self.itervalues():
  File "/home/c52li/weatherloo-internal/.venv/lib/python3.10/site-packages/cfgrib/messages.py", line 278, in itervalues
    raise EOFError("No valid message found: %r" % self.filestream.path)
EOFError: No valid message found: '/mnt/wato-drive/c52li/weatherloo-data/unet/gfs_grib/20221130_06z_f024_u10.grib2'
Can't read index file '/mnt/wato-drive/c52li/weatherloo-data/unet/gfs_grib/20221130_06z_f024_u10.grib2.5b7b6.idx'
Traceback (most recent call last):
  File "/home/c52li/weatherloo-internal/.venv/lib/python3.10/site-packages/cfgrib/messages.py", line 548, in from_indexpath_or_filestream
    index_mtime = os.path.getmtime(indexpath)
  File "/usr/lib/python3.10/genericpath.py", line 55, in getmtime
    return os.stat(filename).st_mtime
FileNotFoundError: [Errno 2] No such file or directory: '/mnt/wato-drive/c52li/weatherloo-data/unet/gfs_grib/20221130_06z_f024_u10.grib2.5b7b6.idx'
skipping corrupted Message
Traceback (most recent call last):
  File "/home/c52li/weatherloo-internal/.venv/lib/python3.10/site-packages/cfgrib/messages.py", line 274, in itervalues
    yield self.filestream.message_from_file(file, errors=errors)
  File "/home/c52li/weatherloo-internal/.venv/lib/python3.10/site-packages/cfgrib/messages.py", line 341, in message_from_file
    return Message.from_file(file, offset, **kwargs)
  File "/home/c52li/weatherloo-internal/.venv/lib/python3.10/site-packages/cfgrib/messages.py", line 97, in from_file
    codes_id = eccodes.codes_grib_new_from_file(file)
  File "/home/c52li/weatherloo-internal/.venv/lib/python3.10/site-packages/gribapi/gribapi.py", line 415, in grib_new_from_file
    GRIB_CHECK(err)
  File "/home/c52li/weatherloo-internal/.venv/lib/python3.10/site-packages/gribapi/gribapi.py", line 232, in GRIB_CHECK
    errors.raise_grib_error(errid)
  File "/home/c52li/weatherloo-internal/.venv/lib/python3.10/site-packages/gribapi/errors.py", line 386, in raise_grib_error
    raise ERROR_MAP[errid](errid)
gribapi.errors.PrematureEndOfFileError: End of resource reached when reading message
Can't create file '/mnt/wato-drive/c52li/weatherloo-data/unet/gfs_grib/20221130_06z_f042_t2m_k.grib2.5b7b6.idx'
Traceback (most recent call last):
  File "/home/c52li/weatherloo-internal/.venv/lib/python3.10/site-packages/cfgrib/messages.py", line 274, in itervalues
    yield self.filestream.message_from_file(file, errors=errors)
  File "/home/c52li/weatherloo-internal/.venv/lib/python3.10/site-packages/cfgrib/messages.py", line 341, in message_from_file
    return Message.from_file(file, offset, **kwargs)
  File "/home/c52li/weatherloo-internal/.venv/lib/python3.10/site-packages/cfgrib/messages.py", line 105, in from_file
    raise EOFError("End of file: %r" % file)
EOFError: End of file: <_io.BufferedReader name='/mnt/wato-drive/c52li/weatherloo-data/unet/gfs_grib/20221130_06z_f042_t2m_k.grib2'>

During handling of the above exception, another exception occurred:

Traceback (most recent call last):
  File "/home/c52li/weatherloo-internal/.venv/lib/python3.10/site-packages/cfgrib/messages.py", line 539, in from_indexpath_or_filestream
    self = cls.from_fieldset(filestream, index_keys, computed_keys)
  File "/home/c52li/weatherloo-internal/.venv/lib/python3.10/site-packages/cfgrib/messages.py", line 379, in from_fieldset
    return cls.from_fieldset_and_iteritems(fieldset, iteritems, index_keys, computed_keys)
  File "/home/c52li/weatherloo-internal/.venv/lib/python3.10/site-packages/cfgrib/messages.py", line 392, in from_fieldset_and_iteritems
    for field_id, raw_field in iteritems:
  File "/home/c52li/weatherloo-internal/.venv/lib/python3.10/site-packages/cfgrib/messages.py", line 292, in __iter__
    for message in self.itervalues():
  File "/home/c52li/weatherloo-internal/.venv/lib/python3.10/site-packages/cfgrib/messages.py", line 278, in itervalues
    raise EOFError("No valid message found: %r" % self.filestream.path)
EOFError: No valid message found: '/mnt/wato-drive/c52li/weatherloo-data/unet/gfs_grib/20221130_06z_f042_t2m_k.grib2'
Can't read index file '/mnt/wato-drive/c52li/weatherloo-data/unet/gfs_grib/20221130_06z_f042_t2m_k.grib2.5b7b6.idx'
Traceback (most recent call last):
  File "/home/c52li/weatherloo-internal/.venv/lib/python3.10/site-packages/cfgrib/messages.py", line 548, in from_indexpath_or_filestream
    index_mtime = os.path.getmtime(indexpath)
  File "/usr/lib/python3.10/genericpath.py", line 55, in getmtime
    return os.stat(filename).st_mtime
FileNotFoundError: [Errno 2] No such file or directory: '/mnt/wato-drive/c52li/weatherloo-data/unet/gfs_grib/20221130_06z_f042_t2m_k.grib2.5b7b6.idx'
skipping corrupted Message
Traceback (most recent call last):
  File "/home/c52li/weatherloo-internal/.venv/lib/python3.10/site-packages/cfgrib/messages.py", line 274, in itervalues
    yield self.filestream.message_from_file(file, errors=errors)
  File "/home/c52li/weatherloo-internal/.venv/lib/python3.10/site-packages/cfgrib/messages.py", line 341, in message_from_file
    return Message.from_file(file, offset, **kwargs)
  File "/home/c52li/weatherloo-internal/.venv/lib/python3.10/site-packages/cfgrib/messages.py", line 97, in from_file
    codes_id = eccodes.codes_grib_new_from_file(file)
  File "/home/c52li/weatherloo-internal/.venv/lib/python3.10/site-packages/gribapi/gribapi.py", line 415, in grib_new_from_file
    GRIB_CHECK(err)
  File "/home/c52li/weatherloo-internal/.venv/lib/python3.10/site-packages/gribapi/gribapi.py", line 232, in GRIB_CHECK
    errors.raise_grib_error(errid)
  File "/home/c52li/weatherloo-internal/.venv/lib/python3.10/site-packages/gribapi/errors.py", line 386, in raise_grib_error
    raise ERROR_MAP[errid](errid)
gribapi.errors.PrematureEndOfFileError: End of resource reached when reading message
skipping corrupted Message
Traceback (most recent call last):
  File "/home/c52li/weatherloo-internal/.venv/lib/python3.10/site-packages/cfgrib/messages.py", line 274, in itervalues
    yield self.filestream.message_from_file(file, errors=errors)
  File "/home/c52li/weatherloo-internal/.venv/lib/python3.10/site-packages/cfgrib/messages.py", line 341, in message_from_file
    return Message.from_file(file, offset, **kwargs)
  File "/home/c52li/weatherloo-internal/.venv/lib/python3.10/site-packages/cfgrib/messages.py", line 97, in from_file
    codes_id = eccodes.codes_grib_new_from_file(file)
  File "/home/c52li/weatherloo-internal/.venv/lib/python3.10/site-packages/gribapi/gribapi.py", line 415, in grib_new_from_file
    GRIB_CHECK(err)
  File "/home/c52li/weatherloo-internal/.venv/lib/python3.10/site-packages/gribapi/gribapi.py", line 232, in GRIB_CHECK
    errors.raise_grib_error(errid)
  File "/home/c52li/weatherloo-internal/.venv/lib/python3.10/site-packages/gribapi/errors.py", line 386, in raise_grib_error
    raise ERROR_MAP[errid](errid)
gribapi.errors.PrematureEndOfFileError: End of resource reached when reading message
skipping corrupted Message
Traceback (most recent call last):
  File "/home/c52li/weatherloo-internal/.venv/lib/python3.10/site-packages/cfgrib/messages.py", line 274, in itervalues
    yield self.filestream.message_from_file(file, errors=errors)
  File "/home/c52li/weatherloo-internal/.venv/lib/python3.10/site-packages/cfgrib/messages.py", line 341, in message_from_file
    return Message.from_file(file, offset, **kwargs)
  File "/home/c52li/weatherloo-internal/.venv/lib/python3.10/site-packages/cfgrib/messages.py", line 97, in from_file
    codes_id = eccodes.codes_grib_new_from_file(file)
  File "/home/c52li/weatherloo-internal/.venv/lib/python3.10/site-packages/gribapi/gribapi.py", line 415, in grib_new_from_file
    GRIB_CHECK(err)
  File "/home/c52li/weatherloo-internal/.venv/lib/python3.10/site-packages/gribapi/gribapi.py", line 232, in GRIB_CHECK
    errors.raise_grib_error(errid)
  File "/home/c52li/weatherloo-internal/.venv/lib/python3.10/site-packages/gribapi/errors.py", line 386, in raise_grib_error
    raise ERROR_MAP[errid](errid)
gribapi.errors.PrematureEndOfFileError: End of resource reached when reading message
skipping corrupted Message
Traceback (most recent call last):
  File "/home/c52li/weatherloo-internal/.venv/lib/python3.10/site-packages/cfgrib/messages.py", line 274, in itervalues
    yield self.filestream.message_from_file(file, errors=errors)
  File "/home/c52li/weatherloo-internal/.venv/lib/python3.10/site-packages/cfgrib/messages.py", line 341, in message_from_file
    return Message.from_file(file, offset, **kwargs)
  File "/home/c52li/weatherloo-internal/.venv/lib/python3.10/site-packages/cfgrib/messages.py", line 97, in from_file
    codes_id = eccodes.codes_grib_new_from_file(file)
  File "/home/c52li/weatherloo-internal/.venv/lib/python3.10/site-packages/gribapi/gribapi.py", line 415, in grib_new_from_file
    GRIB_CHECK(err)
  File "/home/c52li/weatherloo-internal/.venv/lib/python3.10/site-packages/gribapi/gribapi.py", line 232, in GRIB_CHECK
    errors.raise_grib_error(errid)
  File "/home/c52li/weatherloo-internal/.venv/lib/python3.10/site-packages/gribapi/errors.py", line 386, in raise_grib_error
    raise ERROR_MAP[errid](errid)
gribapi.errors.PrematureEndOfFileError: End of resource reached when reading message
Can't create file '/mnt/wato-drive/c52li/weatherloo-data/unet/gfs_grib/20221130_06z_f036_u10.grib2.5b7b6.idx'
Traceback (most recent call last):
  File "/home/c52li/weatherloo-internal/.venv/lib/python3.10/site-packages/cfgrib/messages.py", line 274, in itervalues
    yield self.filestream.message_from_file(file, errors=errors)
  File "/home/c52li/weatherloo-internal/.venv/lib/python3.10/site-packages/cfgrib/messages.py", line 341, in message_from_file
    return Message.from_file(file, offset, **kwargs)
  File "/home/c52li/weatherloo-internal/.venv/lib/python3.10/site-packages/cfgrib/messages.py", line 105, in from_file
    raise EOFError("End of file: %r" % file)
EOFError: End of file: <_io.BufferedReader name='/mnt/wato-drive/c52li/weatherloo-data/unet/gfs_grib/20221130_06z_f036_u10.grib2'>

During handling of the above exception, another exception occurred:

Traceback (most recent call last):
  File "/home/c52li/weatherloo-internal/.venv/lib/python3.10/site-packages/cfgrib/messages.py", line 539, in from_indexpath_or_filestream
    self = cls.from_fieldset(filestream, index_keys, computed_keys)
  File "/home/c52li/weatherloo-internal/.venv/lib/python3.10/site-packages/cfgrib/messages.py", line 379, in from_fieldset
    return cls.from_fieldset_and_iteritems(fieldset, iteritems, index_keys, computed_keys)
  File "/home/c52li/weatherloo-internal/.venv/lib/python3.10/site-packages/cfgrib/messages.py", line 392, in from_fieldset_and_iteritems
    for field_id, raw_field in iteritems:
  File "/home/c52li/weatherloo-internal/.venv/lib/python3.10/site-packages/cfgrib/messages.py", line 292, in __iter__
    for message in self.itervalues():
  File "/home/c52li/weatherloo-internal/.venv/lib/python3.10/site-packages/cfgrib/messages.py", line 278, in itervalues
    raise EOFError("No valid message found: %r" % self.filestream.path)
EOFError: No valid message found: '/mnt/wato-drive/c52li/weatherloo-data/unet/gfs_grib/20221130_06z_f036_u10.grib2'
Can't read index file '/mnt/wato-drive/c52li/weatherloo-data/unet/gfs_grib/20221130_06z_f036_u10.grib2.5b7b6.idx'
Traceback (most recent call last):
  File "/home/c52li/weatherloo-internal/.venv/lib/python3.10/site-packages/cfgrib/messages.py", line 548, in from_indexpath_or_filestream
    index_mtime = os.path.getmtime(indexpath)
  File "/usr/lib/python3.10/genericpath.py", line 55, in getmtime
    return os.stat(filename).st_mtime
FileNotFoundError: [Errno 2] No such file or directory: '/mnt/wato-drive/c52li/weatherloo-data/unet/gfs_grib/20221130_06z_f036_u10.grib2.5b7b6.idx'
Can't create file '/mnt/wato-drive/c52li/weatherloo-data/unet/gfs_grib/20221130_00z_f036_v10.grib2.5b7b6.idx'
Traceback (most recent call last):
  File "/home/c52li/weatherloo-internal/.venv/lib/python3.10/site-packages/cfgrib/messages.py", line 274, in itervalues
    yield self.filestream.message_from_file(file, errors=errors)
  File "/home/c52li/weatherloo-internal/.venv/lib/python3.10/site-packages/cfgrib/messages.py", line 341, in message_from_file
    return Message.from_file(file, offset, **kwargs)
  File "/home/c52li/weatherloo-internal/.venv/lib/python3.10/site-packages/cfgrib/messages.py", line 105, in from_file
    raise EOFError("End of file: %r" % file)
EOFError: End of file: <_io.BufferedReader name='/mnt/wato-drive/c52li/weatherloo-data/unet/gfs_grib/20221130_00z_f036_v10.grib2'>

During handling of the above exception, another exception occurred:

Traceback (most recent call last):
  File "/home/c52li/weatherloo-internal/.venv/lib/python3.10/site-packages/cfgrib/messages.py", line 539, in from_indexpath_or_filestream
    self = cls.from_fieldset(filestream, index_keys, computed_keys)
  File "/home/c52li/weatherloo-internal/.venv/lib/python3.10/site-packages/cfgrib/messages.py", line 379, in from_fieldset
    return cls.from_fieldset_and_iteritems(fieldset, iteritems, index_keys, computed_keys)
  File "/home/c52li/weatherloo-internal/.venv/lib/python3.10/site-packages/cfgrib/messages.py", line 392, in from_fieldset_and_iteritems
    for field_id, raw_field in iteritems:
  File "/home/c52li/weatherloo-internal/.venv/lib/python3.10/site-packages/cfgrib/messages.py", line 292, in __iter__
    for message in self.itervalues():
  File "/home/c52li/weatherloo-internal/.venv/lib/python3.10/site-packages/cfgrib/messages.py", line 278, in itervalues
    raise EOFError("No valid message found: %r" % self.filestream.path)
EOFError: No valid message found: '/mnt/wato-drive/c52li/weatherloo-data/unet/gfs_grib/20221130_00z_f036_v10.grib2'
Can't read index file '/mnt/wato-drive/c52li/weatherloo-data/unet/gfs_grib/20221130_00z_f036_v10.grib2.5b7b6.idx'
Traceback (most recent call last):
  File "/home/c52li/weatherloo-internal/.venv/lib/python3.10/site-packages/cfgrib/messages.py", line 548, in from_indexpath_or_filestream
    index_mtime = os.path.getmtime(indexpath)
  File "/usr/lib/python3.10/genericpath.py", line 55, in getmtime
    return os.stat(filename).st_mtime
FileNotFoundError: [Errno 2] No such file or directory: '/mnt/wato-drive/c52li/weatherloo-data/unet/gfs_grib/20221130_00z_f036_v10.grib2.5b7b6.idx'
skipping corrupted Message
Traceback (most recent call last):
  File "/home/c52li/weatherloo-internal/.venv/lib/python3.10/site-packages/cfgrib/messages.py", line 274, in itervalues
    yield self.filestream.message_from_file(file, errors=errors)
  File "/home/c52li/weatherloo-internal/.venv/lib/python3.10/site-packages/cfgrib/messages.py", line 341, in message_from_file
    return Message.from_file(file, offset, **kwargs)
  File "/home/c52li/weatherloo-internal/.venv/lib/python3.10/site-packages/cfgrib/messages.py", line 97, in from_file
    codes_id = eccodes.codes_grib_new_from_file(file)
  File "/home/c52li/weatherloo-internal/.venv/lib/python3.10/site-packages/gribapi/gribapi.py", line 415, in grib_new_from_file
    GRIB_CHECK(err)
  File "/home/c52li/weatherloo-internal/.venv/lib/python3.10/site-packages/gribapi/gribapi.py", line 232, in GRIB_CHECK
    errors.raise_grib_error(errid)
  File "/home/c52li/weatherloo-internal/.venv/lib/python3.10/site-packages/gribapi/errors.py", line 386, in raise_grib_error
    raise ERROR_MAP[errid](errid)
gribapi.errors.PrematureEndOfFileError: End of resource reached when reading message
skipping corrupted Message
Traceback (most recent call last):
  File "/home/c52li/weatherloo-internal/.venv/lib/python3.10/site-packages/cfgrib/messages.py", line 274, in itervalues
    yield self.filestream.message_from_file(file, errors=errors)
  File "/home/c52li/weatherloo-internal/.venv/lib/python3.10/site-packages/cfgrib/messages.py", line 341, in message_from_file
    return Message.from_file(file, offset, **kwargs)
  File "/home/c52li/weatherloo-internal/.venv/lib/python3.10/site-packages/cfgrib/messages.py", line 97, in from_file
    codes_id = eccodes.codes_grib_new_from_file(file)
  File "/home/c52li/weatherloo-internal/.venv/lib/python3.10/site-packages/gribapi/gribapi.py", line 415, in grib_new_from_file
    GRIB_CHECK(err)
  File "/home/c52li/weatherloo-internal/.venv/lib/python3.10/site-packages/gribapi/gribapi.py", line 232, in GRIB_CHECK
    errors.raise_grib_error(errid)
  File "/home/c52li/weatherloo-internal/.venv/lib/python3.10/site-packages/gribapi/errors.py", line 386, in raise_grib_error
    raise ERROR_MAP[errid](errid)
gribapi.errors.PrematureEndOfFileError: End of resource reached when reading message
=== U-Net pipeline: fetch ===
  data dir : /mnt/wato-drive/c52li/weatherloo-data/unet
  GFS      : https://noaa-gfs-bdp-pds.s3.amazonaws.com (anonymous, byte-range GRIB)
  ERA5     : gs://gcp-public-data-arco-era5/ar/full_37-1h-0p25deg-chunk-1.zarr-v3 (anonymous)

opening ERA5 store (reads metadata only) ...
  ERA5 final-data boundary: 2026-04-30T23:00:00+00:00 (--end clamps to this; time axis is padded past it)

range 2022-06-04 .. 2023-01-08: 7008 samples
  already cached: 6999   to fetch: 9   workers: 6
  expected footprint: ~1.5-2 MB/sample GRIB + ~21 KB/sample .npz (~11.7 GB total, GRIB pruned after caching)
  9/9  (1.76 samples/s, ETA 0m 00s, 9 errors)

=== fetch summary ===
  samples in range     : 7008
  cached and ready     : 6999  (6999 pre-existing, 0 new)
  failures             : 9
  cache size on disk   : 1.1 GB  (/mnt/wato-drive/c52li/weatherloo-data/unet)
  elapsed              : 0m 05s

9 samples failed (first 20 below). Transient errors: re-run the same command — it is resumable and skips cached samples.
HTTP 404s are usually permanent archive gaps; `train` skips uncached samples automatically.
  2022-11-29 18z f018: EOFError: No valid message found: '/mnt/wato-drive/c52li/weatherloo-data/unet/gfs_grib/20221129_18z_f018_t2m_k.grib2'
  2022-11-29 18z f024: EOFError: No valid message found: '/mnt/wato-drive/c52li/weatherloo-data/unet/gfs_grib/20221129_18z_f024_t2m_k.grib2'
  2022-11-29 18z f048: EOFError: No valid message found: '/mnt/wato-drive/c52li/weatherloo-data/unet/gfs_grib/20221129_18z_f048_t2m_k.grib2'
  2022-11-29 18z f012: EOFError: No valid message found: '/mnt/wato-drive/c52li/weatherloo-data/unet/gfs_grib/20221129_18z_f012_u10.grib2'
  2022-11-30 06z f030: EOFError: No valid message found: '/mnt/wato-drive/c52li/weatherloo-data/unet/gfs_grib/20221130_06z_f030_u10.grib2'
  2022-11-30 06z f024: EOFError: No valid message found: '/mnt/wato-drive/c52li/weatherloo-data/unet/gfs_grib/20221130_06z_f024_u10.grib2'
  2022-11-30 06z f042: EOFError: No valid message found: '/mnt/wato-drive/c52li/weatherloo-data/unet/gfs_grib/20221130_06z_f042_t2m_k.grib2'
  2022-11-30 06z f036: EOFError: No valid message found: '/mnt/wato-drive/c52li/weatherloo-data/unet/gfs_grib/20221130_06z_f036_u10.grib2'
  2022-11-30 00z f036: EOFError: No valid message found: '/mnt/wato-drive/c52li/weatherloo-data/unet/gfs_grib/20221130_00z_f036_v10.grib2'
srun: error: tr-slurm2: task 0: Exited with exit code 1
shard: cached 6999/7008 = 0.9987 coverage (min 0.9500)
shard 3/8: below-100% coverage is expected (archive gaps); treating as success
