job 583354 on trpro-slurm2
shard 4/8: 2023-01-09 .. 2023-08-15 (219 days of 1745)
=== U-Net pipeline: fetch ===
  data dir : /mnt/wato-drive/c52li/weatherloo-data/unet
  GFS      : https://noaa-gfs-bdp-pds.s3.amazonaws.com (anonymous, byte-range GRIB)
  ERA5     : gs://gcp-public-data-arco-era5/ar/full_37-1h-0p25deg-chunk-1.zarr-v3 (anonymous)

opening ERA5 store (reads metadata only) ...
  ERA5 final-data boundary: 2026-04-30T23:00:00+00:00 (--end clamps to this; time axis is padded past it)

range 2023-01-09 .. 2023-08-15: 7008 samples
  already cached: 1752   to fetch: 5256   workers: 6
  expected footprint: ~1.5-2 MB/sample GRIB + ~21 KB/sample .npz (~11.7 GB total, GRIB pruned after caching)
  25/5256  (2.92 samples/s, ETA 29m 52s, 0 errors)
  50/5256  (3.13 samples/s, ETA 27m 42s, 0 errors)
  75/5256  (3.20 samples/s, ETA 27m 00s, 0 errors)
  100/5256  (2.77 samples/s, ETA 31m 00s, 0 errors)
  125/5256  (2.47 samples/s, ETA 34m 39s, 0 errors)
  150/5256  (2.58 samples/s, ETA 33m 00s, 0 errors)
  175/5256  (2.65 samples/s, ETA 31m 54s, 0 errors)
  200/5256  (2.72 samples/s, ETA 31m 02s, 0 errors)
  225/5256  (2.46 samples/s, ETA 34m 05s, 0 errors)
  250/5256  (2.49 samples/s, ETA 33m 29s, 0 errors)
  275/5256  (2.52 samples/s, ETA 32m 59s, 0 errors)
  300/5256  (2.56 samples/s, ETA 32m 16s, 0 errors)
  325/5256  (2.51 samples/s, ETA 32m 48s, 0 errors)
  350/5256  (2.54 samples/s, ETA 32m 11s, 0 errors)
  375/5256  (2.58 samples/s, ETA 31m 34s, 0 errors)
  400/5256  (2.54 samples/s, ETA 31m 55s, 0 errors)
  425/5256  (2.54 samples/s, ETA 31m 39s, 0 errors)
  450/5256  (2.57 samples/s, ETA 31m 07s, 0 errors)
  475/5256  (2.60 samples/s, ETA 30m 40s, 0 errors)
  500/5256  (2.57 samples/s, ETA 30m 52s, 0 errors)
  525/5256  (2.59 samples/s, ETA 30m 24s, 0 errors)
  550/5256  (2.56 samples/s, ETA 30m 37s, 0 errors)
  575/5256  (2.57 samples/s, ETA 30m 21s, 0 errors)
  600/5256  (2.60 samples/s, ETA 29m 51s, 0 errors)
  625/5256  (2.58 samples/s, ETA 29m 57s, 0 errors)
  650/5256  (2.60 samples/s, ETA 29m 28s, 0 errors)
  675/5256  (2.63 samples/s, ETA 29m 00s, 0 errors)
  700/5256  (2.65 samples/s, ETA 28m 36s, 0 errors)
  725/5256  (2.66 samples/s, ETA 28m 24s, 0 errors)
  750/5256  (2.68 samples/s, ETA 27m 58s, 0 errors)
  775/5256  (2.71 samples/s, ETA 27m 34s, 0 errors)
  800/5256  (2.68 samples/s, ETA 27m 41s, 0 errors)
  825/5256  (2.66 samples/s, ETA 27m 44s, 0 errors)
  850/5256  (2.68 samples/s, ETA 27m 21s, 0 errors)
  875/5256  (2.60 samples/s, ETA 28m 03s, 0 errors)
  900/5256  (2.62 samples/s, ETA 27m 41s, 0 errors)
  925/5256  (2.64 samples/s, ETA 27m 21s, 0 errors)
  950/5256  (2.65 samples/s, ETA 27m 03s, 0 errors)
  975/5256  (2.64 samples/s, ETA 27m 03s, 0 errors)
  1000/5256  (2.65 samples/s, ETA 26m 45s, 0 errors)
  1025/5256  (2.65 samples/s, ETA 26m 34s, 0 errors)
  1050/5256  (2.63 samples/s, ETA 26m 37s, 0 errors)
  1075/5256  (2.62 samples/s, ETA 26m 37s, 0 errors)
  1100/5256  (2.63 samples/s, ETA 26m 18s, 0 errors)
  1125/5256  (2.65 samples/s, ETA 26m 01s, 0 errors)
  1150/5256  (2.66 samples/s, ETA 25m 44s, 0 errors)
  1175/5256  (2.66 samples/s, ETA 25m 35s, 0 errors)
  1200/5256  (2.67 samples/s, ETA 25m 19s, 0 errors)
  1225/5256  (2.68 samples/s, ETA 25m 04s, 0 errors)
  1250/5256  (2.67 samples/s, ETA 25m 01s, 0 errors)
  1275/5256  (2.63 samples/s, ETA 25m 14s, 0 errors)
  1300/5256  (2.64 samples/s, ETA 24m 57s, 0 errors)
  1325/5256  (2.62 samples/s, ETA 24m 58s, 0 errors)
  1350/5256  (2.61 samples/s, ETA 24m 54s, 0 errors)
  1375/5256  (2.63 samples/s, ETA 24m 37s, 0 errors)
  1400/5256  (2.64 samples/s, ETA 24m 20s, 0 errors)
  1425/5256  (2.65 samples/s, ETA 24m 05s, 0 errors)
  1450/5256  (2.66 samples/s, ETA 23m 51s, 0 errors)
  1475/5256  (2.67 samples/s, ETA 23m 38s, 0 errors)
  1500/5256  (2.68 samples/s, ETA 23m 23s, 0 errors)
  1525/5256  (2.67 samples/s, ETA 23m 19s, 0 errors)
  1550/5256  (2.66 samples/s, ETA 23m 15s, 0 errors)
  1575/5256  (2.62 samples/s, ETA 23m 24s, 0 errors)
  1600/5256  (2.63 samples/s, ETA 23m 12s, 0 errors)
  1625/5256  (2.61 samples/s, ETA 23m 08s, 0 errors)
  1650/5256  (2.63 samples/s, ETA 22m 53s, 0 errors)
  1675/5256  (2.64 samples/s, ETA 22m 38s, 0 errors)
  1700/5256  (2.65 samples/s, ETA 22m 22s, 0 errors)
  1725/5256  (2.66 samples/s, ETA 22m 08s, 0 errors)
  1750/5256  (2.65 samples/s, ETA 22m 04s, 0 errors)
  1775/5256  (2.61 samples/s, ETA 22m 11s, 0 errors)
  1800/5256  (2.60 samples/s, ETA 22m 06s, 0 errors)
  1825/5256  (2.60 samples/s, ETA 22m 01s, 0 errors)
  1850/5256  (2.61 samples/s, ETA 21m 45s, 0 errors)
  1875/5256  (2.60 samples/s, ETA 21m 40s, 0 errors)
  1900/5256  (2.61 samples/s, ETA 21m 25s, 0 errors)
  1925/5256  (2.61 samples/s, ETA 21m 13s, 0 errors)
  1950/5256  (2.62 samples/s, ETA 20m 59s, 0 errors)
  1975/5256  (2.63 samples/s, ETA 20m 45s, 0 errors)
  2000/5256  (2.63 samples/s, ETA 20m 40s, 0 errors)
  2025/5256  (2.63 samples/s, ETA 20m 26s, 0 errors)
  2050/5256  (2.64 samples/s, ETA 20m 12s, 0 errors)
  2075/5256  (2.65 samples/s, ETA 20m 02s, 0 errors)
  2100/5256  (2.64 samples/s, ETA 19m 56s, 0 errors)
  2125/5256  (2.63 samples/s, ETA 19m 50s, 0 errors)
  2150/5256  (2.62 samples/s, ETA 19m 43s, 0 errors)
  2175/5256  (2.62 samples/s, ETA 19m 37s, 0 errors)
  2200/5256  (2.60 samples/s, ETA 19m 36s, 0 errors)
  2225/5256  (2.59 samples/s, ETA 19m 32s, 0 errors)
  2250/5256  (2.59 samples/s, ETA 19m 18s, 0 errors)
  2275/5256  (2.60 samples/s, ETA 19m 05s, 0 errors)
  2300/5256  (2.59 samples/s, ETA 18m 59s, 0 errors)
  2325/5256  (2.60 samples/s, ETA 18m 46s, 0 errors)
  2350/5256  (2.61 samples/s, ETA 18m 34s, 0 errors)
  2375/5256  (2.61 samples/s, ETA 18m 22s, 0 errors)
  2400/5256  (2.62 samples/s, ETA 18m 09s, 0 errors)
  2425/5256  (2.61 samples/s, ETA 18m 02s, 0 errors)
  2450/5256  (2.62 samples/s, ETA 17m 50s, 0 errors)
  2475/5256  (2.62 samples/s, ETA 17m 42s, 0 errors)
  2500/5256  (2.61 samples/s, ETA 17m 36s, 0 errors)
  2525/5256  (2.61 samples/s, ETA 17m 25s, 0 errors)
  2550/5256  (2.62 samples/s, ETA 17m 12s, 0 errors)
  2575/5256  (2.63 samples/s, ETA 17m 00s, 0 errors)
  2600/5256  (2.63 samples/s, ETA 16m 48s, 0 errors)
  2625/5256  (2.64 samples/s, ETA 16m 36s, 0 errors)
  2650/5256  (2.65 samples/s, ETA 16m 24s, 0 errors)
  2675/5256  (2.64 samples/s, ETA 16m 18s, 0 errors)
  2700/5256  (2.64 samples/s, ETA 16m 06s, 0 errors)
  2725/5256  (2.65 samples/s, ETA 15m 54s, 0 errors)
  2750/5256  (2.64 samples/s, ETA 15m 47s, 0 errors)
  2775/5256  (2.65 samples/s, ETA 15m 35s, 0 errors)
  2800/5256  (2.63 samples/s, ETA 15m 32s, 0 errors)
  2825/5256  (2.64 samples/s, ETA 15m 21s, 0 errors)
  2850/5256  (2.65 samples/s, ETA 15m 09s, 0 errors)
  2875/5256  (2.65 samples/s, ETA 14m 57s, 0 errors)
  2900/5256  (2.66 samples/s, ETA 14m 46s, 0 errors)
  2925/5256  (2.67 samples/s, ETA 14m 34s, 0 errors)
  2950/5256  (2.67 samples/s, ETA 14m 22s, 0 errors)
  2975/5256  (2.68 samples/s, ETA 14m 12s, 0 errors)
  3000/5256  (2.68 samples/s, ETA 14m 01s, 0 errors)
  3025/5256  (2.69 samples/s, ETA 13m 49s, 0 errors)
  3050/5256  (2.69 samples/s, ETA 13m 38s, 0 errors)
  3075/5256  (2.69 samples/s, ETA 13m 31s, 0 errors)
  3100/5256  (2.69 samples/s, ETA 13m 20s, 0 errors)
  3125/5256  (2.70 samples/s, ETA 13m 10s, 0 errors)
  3150/5256  (2.70 samples/s, ETA 12m 59s, 0 errors)
  3175/5256  (2.69 samples/s, ETA 12m 52s, 0 errors)
  3200/5256  (2.70 samples/s, ETA 12m 41s, 0 errors)
  3225/5256  (2.70 samples/s, ETA 12m 33s, 0 errors)
  3250/5256  (2.68 samples/s, ETA 12m 28s, 0 errors)
  3275/5256  (2.66 samples/s, ETA 12m 24s, 0 errors)
  3300/5256  (2.67 samples/s, ETA 12m 13s, 0 errors)
  3325/5256  (2.67 samples/s, ETA 12m 02s, 0 errors)
  3350/5256  (2.68 samples/s, ETA 11m 52s, 0 errors)
  3375/5256  (2.67 samples/s, ETA 11m 44s, 0 errors)
  3400/5256  (2.66 samples/s, ETA 11m 38s, 0 errors)
  3425/5256  (2.65 samples/s, ETA 11m 31s, 0 errors)
  3450/5256  (2.65 samples/s, ETA 11m 20s, 0 errors)
  3475/5256  (2.65 samples/s, ETA 11m 11s, 0 errors)
  3500/5256  (2.65 samples/s, ETA 11m 03s, 0 errors)
  3525/5256  (2.65 samples/s, ETA 10m 53s, 0 errors)
  3550/5256  (2.65 samples/s, ETA 10m 43s, 0 errors)
  3575/5256  (2.66 samples/s, ETA 10m 32s, 0 errors)
  3600/5256  (2.66 samples/s, ETA 10m 21s, 0 errors)
  3625/5256  (2.64 samples/s, ETA 10m 17s, 0 errors)
  3650/5256  (2.65 samples/s, ETA 10m 06s, 0 errors)
  3675/5256  (2.65 samples/s, ETA 9m 56s, 0 errors)
  3700/5256  (2.64 samples/s, ETA 9m 48s, 0 errors)
  3725/5256  (2.65 samples/s, ETA 9m 37s, 0 errors)
  3750/5256  (2.65 samples/s, ETA 9m 27s, 0 errors)
  3775/5256  (2.66 samples/s, ETA 9m 16s, 0 errors)
  3800/5256  (2.66 samples/s, ETA 9m 06s, 0 errors)
  3825/5256  (2.66 samples/s, ETA 8m 57s, 0 errors)
  3850/5256  (2.65 samples/s, ETA 8m 49s, 0 errors)
  3875/5256  (2.66 samples/s, ETA 8m 39s, 0 errors)
  3900/5256  (2.66 samples/s, ETA 8m 29s, 0 errors)
  3925/5256  (2.67 samples/s, ETA 8m 19s, 0 errors)
  3950/5256  (2.67 samples/s, ETA 8m 08s, 0 errors)
  3975/5256  (2.68 samples/s, ETA 7m 58s, 0 errors)
  4000/5256  (2.68 samples/s, ETA 7m 48s, 0 errors)
  4025/5256  (2.68 samples/s, ETA 7m 38s, 0 errors)
  4050/5256  (2.68 samples/s, ETA 7m 30s, 0 errors)
  4075/5256  (2.68 samples/s, ETA 7m 19s, 0 errors)
  4100/5256  (2.67 samples/s, ETA 7m 12s, 0 errors)
  4125/5256  (2.66 samples/s, ETA 7m 05s, 0 errors)
  4150/5256  (2.66 samples/s, ETA 6m 56s, 0 errors)
  4175/5256  (2.63 samples/s, ETA 6m 50s, 0 errors)
  4200/5256  (2.62 samples/s, ETA 6m 42s, 0 errors)
  4225/5256  (2.63 samples/s, ETA 6m 32s, 0 errors)
  4250/5256  (2.62 samples/s, ETA 6m 24s, 0 errors)
  4275/5256  (2.62 samples/s, ETA 6m 14s, 0 errors)
  4300/5256  (2.62 samples/s, ETA 6m 04s, 0 errors)
  4325/5256  (2.63 samples/s, ETA 5m 54s, 0 errors)
  4350/5256  (2.63 samples/s, ETA 5m 44s, 0 errors)
  4375/5256  (2.63 samples/s, ETA 5m 35s, 0 errors)
  4400/5256  (2.62 samples/s, ETA 5m 27s, 0 errors)
  4425/5256  (2.62 samples/s, ETA 5m 17s, 0 errors)
  4450/5256  (2.62 samples/s, ETA 5m 07s, 0 errors)
  4475/5256  (2.60 samples/s, ETA 5m 00s, 0 errors)
  4500/5256  (2.60 samples/s, ETA 4m 50s, 0 errors)
  4525/5256  (2.61 samples/s, ETA 4m 40s, 0 errors)
  4550/5256  (2.61 samples/s, ETA 4m 30s, 0 errors)
  4575/5256  (2.62 samples/s, ETA 4m 20s, 0 errors)
  4600/5256  (2.61 samples/s, ETA 4m 11s, 0 errors)
  4625/5256  (2.61 samples/s, ETA 4m 02s, 0 errors)
  4650/5256  (2.60 samples/s, ETA 3m 52s, 0 errors)
  4675/5256  (2.61 samples/s, ETA 3m 42s, 0 errors)
  4700/5256  (2.61 samples/s, ETA 3m 32s, 0 errors)
  4725/5256  (2.60 samples/s, ETA 3m 24s, 0 errors)
  4750/5256  (2.60 samples/s, ETA 3m 14s, 0 errors)
  4775/5256  (2.60 samples/s, ETA 3m 04s, 0 errors)
  4800/5256  (2.61 samples/s, ETA 2m 55s, 0 errors)
  4825/5256  (2.60 samples/s, ETA 2m 45s, 0 errors)
  4850/5256  (2.59 samples/s, ETA 2m 36s, 0 errors)
  4875/5256  (2.60 samples/s, ETA 2m 26s, 0 errors)
  4900/5256  (2.60 samples/s, ETA 2m 16s, 0 errors)
  4925/5256  (2.60 samples/s, ETA 2m 07s, 0 errors)
  4950/5256  (2.60 samples/s, ETA 1m 57s, 0 errors)
  4975/5256  (2.61 samples/s, ETA 1m 47s, 0 errors)
  5000/5256  (2.61 samples/s, ETA 1m 38s, 0 errors)
  5025/5256  (2.61 samples/s, ETA 1m 28s, 0 errors)
  5050/5256  (2.61 samples/s, ETA 1m 19s, 0 errors)
  5075/5256  (2.61 samples/s, ETA 1m 09s, 0 errors)
  5100/5256  (2.61 samples/s, ETA 0m 59s, 0 errors)
  5125/5256  (2.60 samples/s, ETA 0m 50s, 0 errors)
  5150/5256  (2.60 samples/s, ETA 0m 40s, 0 errors)
  5175/5256  (2.60 samples/s, ETA 0m 31s, 0 errors)
  5200/5256  (2.61 samples/s, ETA 0m 21s, 0 errors)
  5225/5256  (2.59 samples/s, ETA 0m 11s, 0 errors)
  5250/5256  (2.60 samples/s, ETA 0m 02s, 0 errors)
  5256/5256  (2.60 samples/s, ETA 0m 00s, 0 errors)

=== fetch summary ===
  samples in range     : 7008
  cached and ready     : 7008  (1752 pre-existing, 5256 new)
  failures             : 0
  cache size on disk   : 843.0 MB  (/mnt/wato-drive/c52li/weatherloo-data/unet)
  elapsed              : 33m 44s

OK — cache is complete for 2023-01-09 .. 2023-08-15.
next: python run_pipeline.py train --data-dir /mnt/wato-drive/c52li/weatherloo-data/unet --output-dir <checkpoints>
